<html>
<body>
<pre>
<h1>µVision Build Log</h1>
<h2>Tool Versions:</h2>
IDE-Version: £gVision V5.36.0.0
Copyright (C) 2021 ARM Ltd and ARM Germany GmbH. All rights reserved.
License Information: ChangEn Lyu, NTUST, LIC=TIVNB-2KXBW-DYFV3-A1UQF-HXERI-BXU5K
 
Tool Versions:
Toolchain:       MDK-ARM Plus  Version: 5.36.0.0
Toolchain Path:  C:\Keil_v5\ARM\ARMCC\Bin
C Compiler:      Armcc.exe V5.06 update 7 (build 960)
Assembler:       Armasm.exe V5.06 update 7 (build 960)
Linker/Locator:  ArmLink.exe V5.06 update 7 (build 960)
Library Manager: ArmAr.exe V5.06 update 7 (build 960)
Hex Converter:   FromElf.exe V5.06 update 7 (build 960)
CPU DLL:         SARMCM3.DLL V5.36.0.0
Dialog DLL:      DARMSTM.DLL V1.68.0.0
Target DLL:      Segger\JL2CM3.dll V2.99.40.0
Dialog DLL:      TARMSTM.DLL V1.66.0.0
 
<h2>Project:</h2>
C:\Users\ChangEn\Documents\embedded_system\HW3_B10802217\MDK-ARM\HW3_FreeRTOS.uvprojx
Project File Date:  12/30/2021

<h2>Output:</h2>
*** Using Compiler 'V5.06 update 7 (build 960)', folder: 'C:\Keil_v5\ARM\ARMCC\Bin'
Build target 'HW3_FreeRTOS'
creating preprocessor file for crt0.c...
creating preprocessor file for stm32f1xx_hal_msp.c...
creating preprocessor file for freertos.c...
creating preprocessor file for main.c...
creating preprocessor file for stm32f1xx_hal_timebase_TIM.c...
creating preprocessor file for stm32f1xx_it.c...
creating preprocessor file for stm32f1xx_hal_gpio_ex.c...
creating preprocessor file for stm32f1xx_hal_tim_ex.c...
creating preprocessor file for stm32f1xx_hal.c...
creating preprocessor file for stm32f1xx_hal_tim.c...
creating preprocessor file for stm32f1xx_hal_rcc.c...
creating preprocessor file for stm32f1xx_hal_rcc_ex.c...
creating preprocessor file for stm32f1xx_hal_gpio.c...
creating preprocessor file for stm32f1xx_hal_dma.c...
creating preprocessor file for stm32f1xx_hal_pwr.c...
creating preprocessor file for stm32f1xx_hal_flash.c...
creating preprocessor file for stm32f1xx_hal_flash_ex.c...
creating preprocessor file for stm32f1xx_hal_cortex.c...
creating preprocessor file for stm32f1xx_hal_uart.c...
creating preprocessor file for stm32f1xx_hal_crc.c...
creating preprocessor file for croutine.c...
creating preprocessor file for system_stm32f1xx.c...
creating preprocessor file for stm32f1xx_hal_spi_ex.c...
creating preprocessor file for stm32f1xx_hal_spi.c...
creating preprocessor file for event_groups.c...
creating preprocessor file for list.c...
creating preprocessor file for queue.c...
creating preprocessor file for tasks.c...
creating preprocessor file for heap_4.c...
creating preprocessor file for timers.c...
creating preprocessor file for port.c...
creating preprocessor file for cmsis_os.c...
compiling main.c...
..\Src\main.c(918): warning:  #177-D: variable "index1"  was declared but never referenced
  	int index1;
..\Src\main.c(919): warning:  #177-D: variable "pressed"  was declared but never referenced
  	bool pressed = false;
..\Src\main.c: 2 warnings, 0 errors
linking...
Program Size: Code=16472 RO-data=440 RW-data=164 ZI-data=4772  
FromELF: creating hex file...
"HW3_FreeRTOS\HW3_FreeRTOS.axf" - 0 Error(s), 2 Warning(s).

<h2>Software Packages used:</h2>

Package Vendor: ARM
                http://www.keil.com/pack/ARM.CMSIS.5.8.0.pack
                ARM.CMSIS.5.8.0
                CMSIS (Common Microcontroller Software Interface Standard)
   * Component: CORE Version: 5.5.0

Package Vendor: Keil
                http://www.keil.com/pack/Keil.STM32F1xx_DFP.2.3.0.pack
                Keil.STM32F1xx_DFP.2.3.0
                STMicroelectronics STM32F1 Series Device Support, Drivers and Examples

<h2>Collection of Component include folders:</h2>
  .\RTE\_HW3_FreeRTOS
  C:\Users\ChangEn\AppData\Local\Arm\Packs\ARM\CMSIS\5.8.0\CMSIS\Core\Include
  C:\Users\ChangEn\AppData\Local\Arm\Packs\Keil\STM32F1xx_DFP\2.3.0\Device\Include

<h2>Collection of Component Files used:</h2>

   * Component: ARM::CMSIS:CORE:5.5.0
Build Time Elapsed:  00:00:02
</pre>
</body>
</html>
