Component: ARM Compiler 5.06 update 7 (build 960) Tool: armlink [4d3601]

==============================================================================

Section Cross References

    startup_stm32f103x6.o(RESET) refers to startup_stm32f103x6.o(STACK) for __initial_sp
    startup_stm32f103x6.o(RESET) refers to startup_stm32f103x6.o(.text) for Reset_Handler
    startup_stm32f103x6.o(RESET) refers to stm32f1xx_it.o(i.NMI_Handler) for NMI_Handler
    startup_stm32f103x6.o(RESET) refers to stm32f1xx_it.o(i.HardFault_Handler) for HardFault_Handler
    startup_stm32f103x6.o(RESET) refers to stm32f1xx_it.o(i.MemManage_Handler) for MemManage_Handler
    startup_stm32f103x6.o(RESET) refers to stm32f1xx_it.o(i.BusFault_Handler) for BusFault_Handler
    startup_stm32f103x6.o(RESET) refers to stm32f1xx_it.o(i.UsageFault_Handler) for UsageFault_Handler
    startup_stm32f103x6.o(RESET) refers to port.o(.emb_text) for SVC_Handler
    startup_stm32f103x6.o(RESET) refers to stm32f1xx_it.o(i.DebugMon_Handler) for DebugMon_Handler
    startup_stm32f103x6.o(RESET) refers to stm32f1xx_it.o(i.SysTick_Handler) for SysTick_Handler
    startup_stm32f103x6.o(RESET) refers to stm32f1xx_it.o(i.DMA1_Channel3_IRQHandler) for DMA1_Channel3_IRQHandler
    startup_stm32f103x6.o(RESET) refers to stm32f1xx_it.o(i.DMA1_Channel4_IRQHandler) for DMA1_Channel4_IRQHandler
    startup_stm32f103x6.o(RESET) refers to stm32f1xx_it.o(i.TIM1_UP_IRQHandler) for TIM1_UP_IRQHandler
    startup_stm32f103x6.o(RESET) refers to stm32f1xx_it.o(i.USART1_IRQHandler) for USART1_IRQHandler
    startup_stm32f103x6.o(.text) refers to system_stm32f1xx.o(i.SystemInit) for SystemInit
    startup_stm32f103x6.o(.text) refers to entry.o(.ARM.Collect$$$$00000000) for __main
    main.o(i.CalculatorTask) refers to main.o(i.PrintCalculatorTitle) for PrintCalculatorTitle
    main.o(i.CalculatorTask) refers to main.o(i.clearInputQueue) for clearInputQueue
    main.o(i.CalculatorTask) refers to stm32f1xx_hal_gpio.o(i.HAL_GPIO_TogglePin) for HAL_GPIO_TogglePin
    main.o(i.CalculatorTask) refers to stm32f1xx_hal_uart.o(i.HAL_UART_Transmit) for HAL_UART_Transmit
    main.o(i.CalculatorTask) refers to cmsis_os.o(i.osDelay) for osDelay
    main.o(i.CalculatorTask) refers to main.o(.data) for .data
    main.o(i.CalculatorTask) refers to main.o(.bss) for .bss
    main.o(i.ClockTask) refers to main.o(i.PrintClockTitleTitle) for PrintClockTitleTitle
    main.o(i.ClockTask) refers to main.o(i.TimeCount) for TimeCount
    main.o(i.ClockTask) refers to main.o(i.ShowTime) for ShowTime
    main.o(i.ClockTask) refers to main.o(i.WriteLcdCom) for WriteLcdCom
    main.o(i.ClockTask) refers to main.o(i.WriteLcdData) for WriteLcdData
    main.o(i.ClockTask) refers to cmsis_os.o(i.osDelay) for osDelay
    main.o(i.ClockTask) refers to stm32f1xx_hal_gpio.o(i.HAL_GPIO_TogglePin) for HAL_GPIO_TogglePin
    main.o(i.ClockTask) refers to stm32f1xx_hal_uart.o(i.HAL_UART_Transmit) for HAL_UART_Transmit
    main.o(i.ClockTask) refers to main.o(.data) for .data
    main.o(i.ClockTask) refers to main.o(.bss) for .bss
    main.o(i.HAL_TIM_PeriodElapsedCallback) refers to stm32f1xx_hal.o(i.HAL_IncTick) for HAL_IncTick
    main.o(i.MX_GPIO_Init) refers to stm32f1xx_hal_gpio.o(i.HAL_GPIO_Init) for HAL_GPIO_Init
    main.o(i.MX_GPIO_Init) refers to stm32f1xx_hal_gpio.o(i.HAL_GPIO_WritePin) for HAL_GPIO_WritePin
    main.o(i.PrintCalculatorTitle) refers to main.o(i.WriteLcdCom) for WriteLcdCom
    main.o(i.PrintCalculatorTitle) refers to main.o(i.WriteLcdData) for WriteLcdData
    main.o(i.PrintClockTitleTitle) refers to main.o(i.WriteLcdCom) for WriteLcdCom
    main.o(i.PrintClockTitleTitle) refers to main.o(i.WriteLcdData) for WriteLcdData
    main.o(i.ScanKeyPadTask) refers to main.o(i.scanKeyPad) for scanKeyPad
    main.o(i.ScanKeyPadTask) refers to cmsis_os.o(i.osDelay) for osDelay
    main.o(i.ScanKeyPadTask) refers to stm32f1xx_hal_uart.o(i.HAL_UART_Transmit) for HAL_UART_Transmit
    main.o(i.ScanKeyPadTask) refers to main.o(.bss) for .bss
    main.o(i.ShowTime) refers to main.o(i.WriteLcdCom) for WriteLcdCom
    main.o(i.ShowTime) refers to main.o(i.WriteLcdData) for WriteLcdData
    main.o(i.ShowTime) refers to main.o(.data) for .data
    main.o(i.SystemClock_Config) refers to stm32f1xx_hal_rcc.o(i.HAL_RCC_OscConfig) for HAL_RCC_OscConfig
    main.o(i.SystemClock_Config) refers to stm32f1xx_hal_rcc.o(i.HAL_RCC_ClockConfig) for HAL_RCC_ClockConfig
    main.o(i.SystemClock_Config) refers to stm32f1xx_hal_rcc.o(i.HAL_RCC_GetHCLKFreq) for HAL_RCC_GetHCLKFreq
    main.o(i.SystemClock_Config) refers to stm32f1xx_hal_cortex.o(i.HAL_SYSTICK_Config) for HAL_SYSTICK_Config
    main.o(i.SystemClock_Config) refers to stm32f1xx_hal_cortex.o(i.HAL_SYSTICK_CLKSourceConfig) for HAL_SYSTICK_CLKSourceConfig
    main.o(i.SystemClock_Config) refers to stm32f1xx_hal_cortex.o(i.HAL_NVIC_SetPriority) for HAL_NVIC_SetPriority
[...]
    Removing stm32f1xx_hal_spi.o(i.HAL_SPI_Receive_DMA), (224 bytes).
    Removing stm32f1xx_hal_spi.o(i.HAL_SPI_Receive_IT), (180 bytes).
    Removing stm32f1xx_hal_spi.o(i.HAL_SPI_RxCpltCallback), (2 bytes).
    Removing stm32f1xx_hal_spi.o(i.HAL_SPI_RxHalfCpltCallback), (2 bytes).
    Removing stm32f1xx_hal_spi.o(i.HAL_SPI_Transmit), (326 bytes).
    Removing stm32f1xx_hal_spi.o(i.HAL_SPI_TransmitReceive), (690 bytes).
    Removing stm32f1xx_hal_spi.o(i.HAL_SPI_TransmitReceive_DMA), (272 bytes).
    Removing stm32f1xx_hal_spi.o(i.HAL_SPI_TransmitReceive_IT), (172 bytes).
    Removing stm32f1xx_hal_spi.o(i.HAL_SPI_Transmit_DMA), (192 bytes).
    Removing stm32f1xx_hal_spi.o(i.HAL_SPI_Transmit_IT), (164 bytes).
    Removing stm32f1xx_hal_spi.o(i.HAL_SPI_TxCpltCallback), (2 bytes).
    Removing stm32f1xx_hal_spi.o(i.HAL_SPI_TxHalfCpltCallback), (2 bytes).
    Removing stm32f1xx_hal_spi.o(i.HAL_SPI_TxRxCpltCallback), (2 bytes).
    Removing stm32f1xx_hal_spi.o(i.HAL_SPI_TxRxHalfCpltCallback), (2 bytes).
    Removing stm32f1xx_hal_spi.o(i.SPI_2LinesRxISR), (44 bytes).
    Removing stm32f1xx_hal_spi.o(i.SPI_DMAError), (30 bytes).
    Removing stm32f1xx_hal_spi.o(i.SPI_DMAHalfReceiveCplt), (10 bytes).
    Removing stm32f1xx_hal_spi.o(i.SPI_DMAHalfTransmitCplt), (10 bytes).
    Removing stm32f1xx_hal_spi.o(i.SPI_DMAHalfTransmitReceiveCplt), (10 bytes).
    Removing stm32f1xx_hal_spi.o(i.SPI_DMAReceiveCplt), (218 bytes).
    Removing stm32f1xx_hal_spi.o(i.SPI_DMATransmitCplt), (108 bytes).
    Removing stm32f1xx_hal_spi.o(i.SPI_DMATransmitReceiveCplt), (190 bytes).
    Removing stm32f1xx_hal_spi.o(i.SPI_ISCRCErrorValid), (4 bytes).
    Removing stm32f1xx_hal_spi.o(i.SPI_RxCloseIRQHandler), (246 bytes).
    Removing stm32f1xx_hal_spi.o(i.SPI_RxISR), (70 bytes).
    Removing stm32f1xx_hal_spi.o(i.SPI_TxCloseIRQHandler), (130 bytes).
    Removing stm32f1xx_hal_spi.o(i.SPI_TxISR), (66 bytes).
    Removing stm32f1xx_hal_spi.o(i.SPI_WaitOnFlagUntilTimeout), (158 bytes).
    Removing stm32f1xx_hal_spi_ex.o(.rev16_text), (4 bytes).
    Removing stm32f1xx_hal_spi_ex.o(.revsh_text), (4 bytes).
    Removing stm32f1xx_hal_spi_ex.o(.rrx_text), (6 bytes).
    Removing stm32f1xx_hal_spi_ex.o(i.HAL_SPI_Init), (136 bytes).
    Removing stm32f1xx_hal_spi_ex.o(i.SPI_ISCRCErrorValid), (4 bytes).
    Removing stm32f1xx_hal_spi_ex.o(.data), (1 bytes).
    Removing system_stm32f1xx.o(.rev16_text), (4 bytes).
    Removing system_stm32f1xx.o(.revsh_text), (4 bytes).
    Removing system_stm32f1xx.o(.rrx_text), (6 bytes).
    Removing system_stm32f1xx.o(i.SystemCoreClockUpdate), (104 bytes).
    Removing event_groups.o(i.prvTestWaitCondition), (20 bytes).
    Removing event_groups.o(i.vEventGroupClearBitsCallback), (4 bytes).
    Removing event_groups.o(i.vEventGroupDelete), (60 bytes).
    Removing event_groups.o(i.vEventGroupSetBitsCallback), (4 bytes).
    Removing event_groups.o(i.xEventGroupClearBits), (44 bytes).
    Removing event_groups.o(i.xEventGroupCreate), (26 bytes).
    Removing event_groups.o(i.xEventGroupGetBitsFromISR), (18 bytes).
    Removing event_groups.o(i.xEventGroupSetBits), (120 bytes).
    Removing event_groups.o(i.xEventGroupSync), (156 bytes).
    Removing event_groups.o(i.xEventGroupWaitBits), (208 bytes).
    Removing queue.o(i.prvCopyDataFromQueue), (38 bytes).
    Removing queue.o(i.prvCopyDataToQueue), (110 bytes).
    Removing queue.o(i.prvUnlockQueue), (100 bytes).
    Removing queue.o(i.uxQueueMessagesWaiting), (26 bytes).
    Removing queue.o(i.uxQueueMessagesWaitingFromISR), (14 bytes).
    Removing queue.o(i.uxQueueSpacesAvailable), (30 bytes).
    Removing queue.o(i.vQueueAddToRegistry), (40 bytes).
    Removing queue.o(i.vQueueDelete), (26 bytes).
    Removing queue.o(i.vQueueUnregisterQueue), (36 bytes).
    Removing queue.o(i.xQueueCreateMutex), (68 bytes).
    Removing queue.o(i.xQueueGenericCreate), (70 bytes).
    Removing queue.o(i.xQueueGenericReceive), (302 bytes).
    Removing queue.o(i.xQueueGenericReset), (106 bytes).
    Removing queue.o(i.xQueueGenericSend), (276 bytes).
    Removing queue.o(i.xQueueGenericSendFromISR), (140 bytes).
    Removing queue.o(i.xQueueGiveFromISR), (118 bytes).
    Removing queue.o(i.xQueueIsQueueEmptyFromISR), (22 bytes).
    Removing queue.o(i.xQueueIsQueueFullFromISR), (26 bytes).
    Removing queue.o(i.xQueuePeekFromISR), (82 bytes).
    Removing queue.o(i.xQueueReceiveFromISR), (118 bytes).
    Removing queue.o(.bss), (64 bytes).
    Removing tasks.o(i.prvTaskIsTaskSuspended), (44 bytes).
    Removing tasks.o(i.pvTaskIncrementMutexHeldCount), (24 bytes).
    Removing tasks.o(i.ulTaskNotifyTake), (140 bytes).
    Removing tasks.o(i.uxTaskGetNumberOfTasks), (12 bytes).
    Removing tasks.o(i.uxTaskPriorityGet), (28 bytes).
    Removing tasks.o(i.uxTaskPriorityGetFromISR), (32 bytes).
    Removing tasks.o(i.uxTaskResetEventItemValue), (24 bytes).
    Removing tasks.o(i.vTaskDelete), (140 bytes).
    Removing tasks.o(i.vTaskEndScheduler), (24 bytes).
    Removing tasks.o(i.vTaskMissedYield), (12 bytes).
    Removing tasks.o(i.vTaskNotifyGiveFromISR), (144 bytes).
    Removing tasks.o(i.vTaskPlaceOnEventList), (88 bytes).
    Removing tasks.o(i.vTaskPlaceOnUnorderedEventList), (108 bytes).
    Removing tasks.o(i.vTaskPriorityInherit), (132 bytes).
    Removing tasks.o(i.vTaskPrioritySet), (168 bytes).
    Removing tasks.o(i.vTaskResume), (104 bytes).
    Removing tasks.o(i.vTaskSetTimeOutState), (28 bytes).
    Removing tasks.o(i.vTaskSuspend), (156 bytes).
    Removing tasks.o(i.xTaskCheckForTimeOut), (88 bytes).
    Removing tasks.o(i.xTaskGenericNotify), (168 bytes).
    Removing tasks.o(i.xTaskGenericNotifyFromISR), (204 bytes).
    Removing tasks.o(i.xTaskGetCurrentTaskHandle), (12 bytes).
    Removing tasks.o(i.xTaskGetTickCount), (12 bytes).
    Removing tasks.o(i.xTaskGetTickCountFromISR), (16 bytes).
    Removing tasks.o(i.xTaskNotifyStateClear), (48 bytes).
    Removing tasks.o(i.xTaskNotifyWait), (168 bytes).
    Removing tasks.o(i.xTaskPriorityDisinherit), (132 bytes).
    Removing tasks.o(i.xTaskRemoveFromEventList), (108 bytes).
    Removing tasks.o(i.xTaskRemoveFromUnorderedEventList), (100 bytes).
    Removing tasks.o(i.xTaskResumeFromISR), (120 bytes).
    Removing heap_4.o(i.vPortInitialiseBlocks), (2 bytes).
    Removing heap_4.o(i.xPortGetFreeHeapSize), (12 bytes).
    Removing heap_4.o(i.xPortGetMinimumEverFreeHeapSize), (12 bytes).
    Removing port.o(i.vPortEndScheduler), (24 bytes).
    Removing port.o(i.vPortValidateInterruptPriority), (64 bytes).
    Removing cmsis_os.o(.rev16_text), (4 bytes).
    Removing cmsis_os.o(.revsh_text), (4 bytes).
    Removing cmsis_os.o(i.inHandlerMode), (12 bytes).
    Removing cmsis_os.o(i.makeCmsisPriority), (14 bytes).
    Removing cmsis_os.o(i.makeFreeRtosPriority), (12 bytes).
    Removing cmsis_os.o(i.osDelayUntil), (4 bytes).
    Removing cmsis_os.o(i.osKernelRunning), (18 bytes).
    Removing cmsis_os.o(i.osKernelStart), (10 bytes).
    Removing cmsis_os.o(i.osKernelSysTick), (24 bytes).
    Removing cmsis_os.o(i.osMailAlloc), (12 bytes).
    Removing cmsis_os.o(i.osMailCAlloc), (24 bytes).
    Removing cmsis_os.o(i.osMailCreate), (92 bytes).
    Removing cmsis_os.o(i.osMailFree), (12 bytes).
    Removing cmsis_os.o(i.osMailGet), (140 bytes).
    Removing cmsis_os.o(i.osMailPut), (84 bytes).
    Removing cmsis_os.o(i.osMessageCreate), (8 bytes).
    Removing cmsis_os.o(i.osMessageGet), (144 bytes).
    Removing cmsis_os.o(i.osMessagePeek), (78 bytes).
    Removing cmsis_os.o(i.osMessagePut), (84 bytes).
    Removing cmsis_os.o(i.osMutexCreate), (6 bytes).
    Removing cmsis_os.o(i.osMutexDelete), (24 bytes).
    Removing cmsis_os.o(i.osMutexRelease), (72 bytes).
    Removing cmsis_os.o(i.osMutexWait), (96 bytes).
    Removing cmsis_os.o(i.osPoolAlloc), (96 bytes).
    Removing cmsis_os.o(i.osPoolCAlloc), (16 bytes).
    Removing cmsis_os.o(i.osPoolCreate), (94 bytes).
    Removing cmsis_os.o(i.osPoolFree), (48 bytes).
    Removing cmsis_os.o(i.osRecursiveMutexCreate), (4 bytes).
    Removing cmsis_os.o(i.osRecursiveMutexRelease), (4 bytes).
    Removing cmsis_os.o(i.osRecursiveMutexWait), (4 bytes).
    Removing cmsis_os.o(i.osSemaphoreCreate), (38 bytes).
    Removing cmsis_os.o(i.osSemaphoreDelete), (24 bytes).
    Removing cmsis_os.o(i.osSemaphoreRelease), (72 bytes).
    Removing cmsis_os.o(i.osSemaphoreWait), (96 bytes).
    Removing cmsis_os.o(i.osSignalSet), (80 bytes).
    Removing cmsis_os.o(i.osSignalWait), (86 bytes).
    Removing cmsis_os.o(i.osThreadCreate), (56 bytes).
    Removing cmsis_os.o(i.osThreadGetId), (4 bytes).
    Removing cmsis_os.o(i.osThreadGetPriority), (32 bytes).
    Removing cmsis_os.o(i.osThreadList), (4 bytes).
    Removing cmsis_os.o(i.osThreadResume), (44 bytes).
    Removing cmsis_os.o(i.osThreadResumeAll), (18 bytes).
    Removing cmsis_os.o(i.osThreadSetPriority), (22 bytes).
    Removing cmsis_os.o(i.osThreadSuspend), (10 bytes).
    Removing cmsis_os.o(i.osThreadSuspendAll), (10 bytes).
    Removing cmsis_os.o(i.osThreadTerminate), (10 bytes).
    Removing cmsis_os.o(i.osThreadYield), (10 bytes).
    Removing cmsis_os.o(i.osTimerCreate), (4 bytes).
    Removing cmsis_os.o(i.osTimerDelete), (4 bytes).
    Removing cmsis_os.o(i.osTimerStart), (4 bytes).
    Removing cmsis_os.o(i.osTimerStop), (4 bytes).

489 unused section(s) (total 29963 bytes) removed from the image.

==============================================================================

Image Symbol Table

    Local Symbols

    Symbol Name                              Value     Ov Type        Size  Object(Section)

    ../Drivers/STM32F1xx_HAL_Driver/Src/stm32f1xx_hal.c 0x00000000   Number         0  stm32f1xx_hal.o ABSOLUTE
    ../Drivers/STM32F1xx_HAL_Driver/Src/stm32f1xx_hal_cortex.c 0x00000000   Number         0  stm32f1xx_hal_cortex.o ABSOLUTE
    ../Drivers/STM32F1xx_HAL_Driver/Src/stm32f1xx_hal_dma.c 0x00000000   Number         0  stm32f1xx_hal_dma.o ABSOLUTE
    ../Drivers/STM32F1xx_HAL_Driver/Src/stm32f1xx_hal_flash.c 0x00000000   Number         0  stm32f1xx_hal_flash.o ABSOLUTE
    ../Drivers/STM32F1xx_HAL_Driver/Src/stm32f1xx_hal_flash_ex.c 0x00000000   Number         0  stm32f1xx_hal_flash_ex.o ABSOLUTE
    ../Drivers/STM32F1xx_HAL_Driver/Src/stm32f1xx_hal_gpio.c 0x00000000   Number         0  stm32f1xx_hal_gpio.o ABSOLUTE
    ../Drivers/STM32F1xx_HAL_Driver/Src/stm32f1xx_hal_gpio_ex.c 0x00000000   Number         0  stm32f1xx_hal_gpio_ex.o ABSOLUTE
    ../Drivers/STM32F1xx_HAL_Driver/Src/stm32f1xx_hal_pwr.c 0x00000000   Number         0  stm32f1xx_hal_pwr.o ABSOLUTE
    ../Drivers/STM32F1xx_HAL_Driver/Src/stm32f1xx_hal_rcc.c 0x00000000   Number         0  stm32f1xx_hal_rcc.o ABSOLUTE
    ../Drivers/STM32F1xx_HAL_Driver/Src/stm32f1xx_hal_rcc_ex.c 0x00000000   Number         0  stm32f1xx_hal_rcc_ex.o ABSOLUTE
    ../Drivers/STM32F1xx_HAL_Driver/Src/stm32f1xx_hal_tim.c 0x00000000   Number         0  stm32f1xx_hal_tim.o ABSOLUTE
    ../Drivers/STM32F1xx_HAL_Driver/Src/stm32f1xx_hal_tim_ex.c 0x00000000   Number         0  stm32f1xx_hal_tim_ex.o ABSOLUTE
    ../Drivers/STM32F1xx_HAL_Driver/Src/stm32f1xx_hal_uart.c 0x00000000   Number         0  stm32f1xx_hal_uart.o ABSOLUTE
    ../clib/microlib/errno.c                 0x00000000   Number         0  errno.o ABSOLUTE
    ../clib/microlib/init/entry.s            0x00000000   Number         0  entry12a.o ABSOLUTE
    ../clib/microlib/init/entry.s            0x00000000   Number         0  entry.o ABSOLUTE
    ../clib/microlib/init/entry.s            0x00000000   Number         0  entry2.o ABSOLUTE
    ../clib/microlib/init/entry.s            0x00000000   Number         0  entry8a.o ABSOLUTE
    ../clib/microlib/init/entry.s            0x00000000   Number         0  entry11a.o ABSOLUTE
    ../clib/microlib/init/entry.s            0x00000000   Number         0  entry5.o ABSOLUTE
    ../clib/microlib/init/entry.s            0x00000000   Number         0  entry7a.o ABSOLUTE
    ../clib/microlib/init/entry.s            0x00000000   Number         0  entry7b.o ABSOLUTE
    ../clib/microlib/init/entry.s            0x00000000   Number         0  entry10b.o ABSOLUTE
    ../clib/microlib/init/entry.s            0x00000000   Number         0  entry8b.o ABSOLUTE
    ../clib/microlib/init/entry.s            0x00000000   Number         0  entry10a.o ABSOLUTE
    ../clib/microlib/init/entry.s            0x00000000   Number         0  entry9b.o ABSOLUTE
    ../clib/microlib/init/entry.s            0x00000000   Number         0  entry9a.o ABSOLUTE
    ../clib/microlib/init/entry.s            0x00000000   Number         0  entry12b.o ABSOLUTE
    ../clib/microlib/init/entry.s            0x00000000   Number         0  entry11b.o ABSOLUTE
    ../clib/microlib/longlong.c              0x00000000   Number         0  llushr.o ABSOLUTE
    ../clib/microlib/longlong.c              0x00000000   Number         0  llsshr.o ABSOLUTE
    ../clib/microlib/longlong.c              0x00000000   Number         0  llshl.o ABSOLUTE
    ../clib/microlib/string/memcpy.c         0x00000000   Number         0  memcpyb.o ABSOLUTE
    ../clib/microlib/string/memcpy.c         0x00000000   Number         0  memcpya.o ABSOLUTE
    ../clib/microlib/stubs.s                 0x00000000   Number         0  iusefp.o ABSOLUTE
    ../fplib/microlib/fpadd.c                0x00000000   Number         0  dadd.o ABSOLUTE
    ../fplib/microlib/fpdiv.c                0x00000000   Number         0  ddiv.o ABSOLUTE
    ../fplib/microlib/fpepilogue.c           0x00000000   Number         0  depilogue.o ABSOLUTE
    ../fplib/microlib/fpfix.c                0x00000000   Number         0  dfixi.o ABSOLUTE
    ../fplib/microlib/fpflt.c                0x00000000   Number         0  dflti.o ABSOLUTE
    ../fplib/microlib/fpmul.c                0x00000000   Number         0  dmul.o ABSOLUTE
    ../fplib/microlib/fpscalb.c              0x00000000   Number         0  dscalb.o ABSOLUTE
    ../fplib/microlib/fpsqrt.c               0x00000000   Number         0  dsqrt.o ABSOLUTE
    ../mathlib/dunder.c                      0x00000000   Number         0  dunder.o ABSOLUTE
    ../mathlib/fpclassify.c                  0x00000000   Number         0  fpclassify.o ABSOLUTE
    ../mathlib/poly.c                        0x00000000   Number         0  poly.o ABSOLUTE
    ../mathlib/pow.c                         0x00000000   Number         0  pow.o ABSOLUTE
    ../mathlib/pow.c                         0x00000000   Number         0  pow_x.o ABSOLUTE
    ../mathlib/qnan.c                        0x00000000   Number         0  qnan.o ABSOLUTE
    ../mathlib/sqrt.c                        0x00000000   Number         0  sqrt.o ABSOLUTE
    ../mathlib/sqrt.c                        0x00000000   Number         0  sqrt_x.o ABSOLUTE
    ..\Drivers\CMSIS\Device\ST\STM32F1xx\Source\Templates\system_stm32f1xx.c 0x00000000   Number         0  system_stm32f1xx.o ABSOLUTE
    ..\Drivers\STM32F1xx_HAL_Driver\Src\stm32f1xx_hal.c 0x00000000   Number         0  stm32f1xx_hal.o ABSOLUTE
    ..\Drivers\STM32F1xx_HAL_Driver\Src\stm32f1xx_hal_cortex.c 0x00000000   Number         0  stm32f1xx_hal_cortex.o ABSOLUTE
    ..\Drivers\STM32F1xx_HAL_Driver\Src\stm32f1xx_hal_crc.c 0x00000000   Number         0  stm32f1xx_hal_crc.o ABSOLUTE
    ..\Drivers\STM32F1xx_HAL_Driver\Src\stm32f1xx_hal_dma.c 0x00000000   Number         0  stm32f1xx_hal_dma.o ABSOLUTE
    ..\Drivers\STM32F1xx_HAL_Driver\Src\stm32f1xx_hal_flash.c 0x00000000   Number         0  stm32f1xx_hal_flash.o ABSOLUTE
    ..\Drivers\STM32F1xx_HAL_Driver\Src\stm32f1xx_hal_flash_ex.c 0x00000000   Number         0  stm32f1xx_hal_flash_ex.o ABSOLUTE
    ..\Drivers\STM32F1xx_HAL_Driver\Src\stm32f1xx_hal_gpio.c 0x00000000   Number         0  stm32f1xx_hal_gpio.o ABSOLUTE
    ..\Drivers\STM32F1xx_HAL_Driver\Src\stm32f1xx_hal_gpio_ex.c 0x00000000   Number         0  stm32f1xx_hal_gpio_ex.o ABSOLUTE
    ..\Drivers\STM32F1xx_HAL_Driver\Src\stm32f1xx_hal_pwr.c 0x00000000   Number         0  stm32f1xx_hal_pwr.o ABSOLUTE
    ..\Drivers\STM32F1xx_HAL_Driver\Src\stm32f1xx_hal_rcc.c 0x00000000   Number         0  stm32f1xx_hal_rcc.o ABSOLUTE
    ..\Drivers\STM32F1xx_HAL_Driver\Src\stm32f1xx_hal_rcc_ex.c 0x00000000   Number         0  stm32f1xx_hal_rcc_ex.o ABSOLUTE
    ..\Drivers\STM32F1xx_HAL_Driver\Src\stm32f1xx_hal_spi.c 0x00000000   Number         0  stm32f1xx_hal_spi.o ABSOLUTE
    ..\Drivers\STM32F1xx_HAL_Driver\Src\stm32f1xx_hal_spi_ex.c 0x00000000   Number         0  stm32f1xx_hal_spi_ex.o ABSOLUTE
    ..\Drivers\STM32F1xx_HAL_Driver\Src\stm32f1xx_hal_tim.c 0x00000000   Number         0  stm32f1xx_hal_tim.o ABSOLUTE
    ..\Drivers\STM32F1xx_HAL_Driver\Src\stm32f1xx_hal_tim_ex.c 0x00000000   Number         0  stm32f1xx_hal_tim_ex.o ABSOLUTE
    ..\Drivers\STM32F1xx_HAL_Driver\Src\stm32f1xx_hal_uart.c 0x00000000   Number         0  stm32f1xx_hal_uart.o ABSOLUTE
    ..\Middlewares\Third_Party\FreeRTOS\Source\CMSIS_RTOS\cmsis_os.c 0x00000000   Number         0  cmsis_os.o ABSOLUTE
    ..\Middlewares\Third_Party\FreeRTOS\Source\croutine.c 0x00000000   Number         0  croutine.o ABSOLUTE
    ..\Middlewares\Third_Party\FreeRTOS\Source\event_groups.c 0x00000000   Number         0  event_groups.o ABSOLUTE
    ..\Middlewares\Third_Party\FreeRTOS\Source\list.c 0x00000000   Number         0  list.o ABSOLUTE
    ..\Middlewares\Third_Party\FreeRTOS\Source\portable\MemMang\heap_4.c 0x00000000   Number         0  heap_4.o ABSOLUTE
    ..\Middlewares\Third_Party\FreeRTOS\Source\portable\RVDS\ARM_CM3\port.c 0x00000000   Number         0  port.o ABSOLUTE
    ..\Middlewares\Third_Party\FreeRTOS\Source\queue.c 0x00000000   Number         0  queue.o ABSOLUTE
    ..\Middlewares\Third_Party\FreeRTOS\Source\tasks.c 0x00000000   Number         0  tasks.o ABSOLUTE
    ..\Middlewares\Third_Party\FreeRTOS\Source\timers.c 0x00000000   Number         0  timers.o ABSOLUTE
    ..\Src\crt0.c                            0x00000000   Number         0  crt0.o ABSOLUTE
    ..\Src\freertos.c                        0x00000000   Number         0  freertos.o ABSOLUTE
    ..\Src\main.c                            0x00000000   Number         0  main.o ABSOLUTE
    ..\Src\stm32f1xx_hal_msp.c               0x00000000   Number         0  stm32f1xx_hal_msp.o ABSOLUTE
    ..\Src\stm32f1xx_hal_timebase_TIM.c      0x00000000   Number         0  stm32f1xx_hal_timebase_tim.o ABSOLUTE
    ..\Src\stm32f1xx_it.c                    0x00000000   Number         0  stm32f1xx_it.o ABSOLUTE
    ..\\Drivers\\CMSIS\\Device\\ST\\STM32F1xx\\Source\\Templates\\system_stm32f1xx.c 0x00000000   Number         0  system_stm32f1xx.o ABSOLUTE
    ..\\Drivers\\STM32F1xx_HAL_Driver\\Src\\stm32f1xx_hal_crc.c 0x00000000   Number         0  stm32f1xx_hal_crc.o ABSOLUTE
    ..\\Drivers\\STM32F1xx_HAL_Driver\\Src\\stm32f1xx_hal_spi.c 0x00000000   Number         0  stm32f1xx_hal_spi.o ABSOLUTE
    ..\\Drivers\\STM32F1xx_HAL_Driver\\Src\\stm32f1xx_hal_spi_ex.c 0x00000000   Number         0  stm32f1xx_hal_spi_ex.o ABSOLUTE
    ..\\Middlewares\\Third_Party\\FreeRTOS\\Source\\CMSIS_RTOS\\cmsis_os.c 0x00000000   Number         0  cmsis_os.o ABSOLUTE
    ..\\Middlewares\\Third_Party\\FreeRTOS\\Source\\portable\\RVDS\\ARM_CM3\\port.c 0x00000000   Number         0  port.o ABSOLUTE
    ..\\Src\\main.c                          0x00000000   Number         0  main.o ABSOLUTE
    ..\\Src\\stm32f1xx_hal_msp.c             0x00000000   Number         0  stm32f1xx_hal_msp.o ABSOLUTE
    ..\\Src\\stm32f1xx_hal_timebase_TIM.c    0x00000000   Number         0  stm32f1xx_hal_timebase_tim.o ABSOLUTE
    ..\\Src\\stm32f1xx_it.c                  0x00000000   Number         0  stm32f1xx_it.o ABSOLUTE
    cdcmple.s                                0x00000000   Number         0  cdcmple.o ABSOLUTE
    cdrcmple.s                               0x00000000   Number         0  cdrcmple.o ABSOLUTE
    dc.s                                     0x00000000   Number         0  dc.o ABSOLUTE
    handlers.s                               0x00000000   Number         0  handlers.o ABSOLUTE
    init.s                                   0x00000000   Number         0  init.o ABSOLUTE
    startup_stm32f103x6.s                    0x00000000   Number         0  startup_stm32f103x6.o ABSOLUTE
    RESET                                    0x08000000   Section      236  startup_stm32f103x6.o(RESET)
    .ARM.Collect$$$$00000000                 0x080000ec   Section        0  entry.o(.ARM.Collect$$$$00000000)
    .ARM.Collect$$$$00000001                 0x080000ec   Section        4  entry2.o(.ARM.Collect$$$$00000001)
    .ARM.Collect$$$$00000004                 0x080000f0   Section        4  entry5.o(.ARM.Collect$$$$00000004)
    .ARM.Collect$$$$00000008                 0x080000f4   Section        0  entry7b.o(.ARM.Collect$$$$00000008)
    .ARM.Collect$$$$0000000A                 0x080000f4   Section        0  entry8b.o(.ARM.Collect$$$$0000000A)
    .ARM.Collect$$$$0000000B                 0x080000f4   Section        8  entry9a.o(.ARM.Collect$$$$0000000B)
    .ARM.Collect$$$$0000000E                 0x080000fc   Section        4  entry12b.o(.ARM.Collect$$$$0000000E)
    .ARM.Collect$$$$0000000F                 0x08000100   Section        0  entry10a.o(.ARM.Collect$$$$0000000F)
    .ARM.Collect$$$$00000011                 0x08000100   Section        0  entry11a.o(.ARM.Collect$$$$00000011)
    .ARM.Collect$$$$00002712                 0x08000100   Section        4  entry2.o(.ARM.Collect$$$$00002712)
    __lit__00000000                          0x08000100   Data           4  entry2.o(.ARM.Collect$$$$00002712)
    .emb_text                                0x08000104   Section      162  port.o(.emb_text)
    .text                                    0x080001a8   Section       36  startup_stm32f103x6.o(.text)
    .text                                    0x080001cc   Section        0  llushr.o(.text)
    .text                                    0x080001ec   Section        0  dadd.o(.text)
    .text                                    0x0800033a   Section        0  dmul.o(.text)
    .text                                    0x0800041e   Section        0  ddiv.o(.text)
    .text                                    0x080004fc   Section        0  dflti.o(.text)
    .text                                    0x0800051e   Section        0  dfixi.o(.text)
    .text                                    0x0800055c   Section       48  cdcmple.o(.text)
    .text                                    0x0800058c   Section        0  llshl.o(.text)
    .text                                    0x080005aa   Section        0  llsshr.o(.text)
    .text                                    0x080005ce   Section        0  iusefp.o(.text)
    .text                                    0x080005ce   Section        0  depilogue.o(.text)
    .text                                    0x08000688   Section        0  dscalb.o(.text)
    .text                                    0x080006b8   Section       48  cdrcmple.o(.text)
    .text                                    0x080006e8   Section       36  init.o(.text)
    .text                                    0x0800070c   Section        0  dsqrt.o(.text)
    i.BusFault_Handler                       0x080007ae   Section        0  stm32f1xx_it.o(i.BusFault_Handler)
    i.CalculatorTask                         0x080007b0   Section        0  main.o(i.CalculatorTask)
    i.ClockTask                              0x08000810   Section        0  main.o(i.ClockTask)
    i.DMA1_Channel3_IRQHandler               0x08000928   Section        0  stm32f1xx_it.o(i.DMA1_Channel3_IRQHandler)
    i.DMA1_Channel4_IRQHandler               0x08000934   Section        0  stm32f1xx_it.o(i.DMA1_Channel4_IRQHandler)
    i.DebugMon_Handler                       0x08000940   Section        0  stm32f1xx_it.o(i.DebugMon_Handler)
    i.Error_Handler                          0x08000942   Section        0  main.o(i.Error_Handler)
    i.HAL_CRC_Init                           0x08000944   Section        0  stm32f1xx_hal_crc.o(i.HAL_CRC_Init)
    i.HAL_CRC_MspInit                        0x08000968   Section        0  stm32f1xx_hal_msp.o(i.HAL_CRC_MspInit)
    i.HAL_DMA_IRQHandler                     0x08000990   Section        0  stm32f1xx_hal_dma.o(i.HAL_DMA_IRQHandler)
    i.HAL_DMA_Init                           0x08000bfc   Section        0  stm32f1xx_hal_dma.o(i.HAL_DMA_Init)
    i.HAL_Delay                              0x08000c4c   Section        0  stm32f1xx_hal.o(i.HAL_Delay)
    i.HAL_GPIO_Init                          0x08000c64   Section        0  stm32f1xx_hal_gpio.o(i.HAL_GPIO_Init)
    i.HAL_GPIO_ReadPin                       0x08000e20   Section        0  stm32f1xx_hal_gpio.o(i.HAL_GPIO_ReadPin)
    i.HAL_GPIO_TogglePin                     0x08000e2a   Section        0  stm32f1xx_hal_gpio.o(i.HAL_GPIO_TogglePin)
    i.HAL_GPIO_WritePin                      0x08000e32   Section        0  stm32f1xx_hal_gpio.o(i.HAL_GPIO_WritePin)
    i.HAL_GetTick                            0x08000e3c   Section        0  stm32f1xx_hal.o(i.HAL_GetTick)
    i.HAL_IncTick                            0x08000e48   Section        0  stm32f1xx_hal.o(i.HAL_IncTick)
    i.HAL_Init                               0x08000e58   Section        0  stm32f1xx_hal.o(i.HAL_Init)
    i.HAL_InitTick                           0x08000e7c   Section        0  stm32f1xx_hal_timebase_tim.o(i.HAL_InitTick)
    i.HAL_MspInit                            0x08000ef0   Section        0  stm32f1xx_hal_msp.o(i.HAL_MspInit)
    i.HAL_NVIC_EnableIRQ                     0x08000f70   Section        0  stm32f1xx_hal_cortex.o(i.HAL_NVIC_EnableIRQ)
    i.HAL_NVIC_SetPriority                   0x08000f88   Section        0  stm32f1xx_hal_cortex.o(i.HAL_NVIC_SetPriority)
    i.HAL_NVIC_SetPriorityGrouping           0x08000fc8   Section        0  stm32f1xx_hal_cortex.o(i.HAL_NVIC_SetPriorityGrouping)
    i.HAL_RCC_ClockConfig                    0x08000fec   Section        0  stm32f1xx_hal_rcc.o(i.HAL_RCC_ClockConfig)
    i.HAL_RCC_GetClockConfig                 0x08001174   Section        0  stm32f1xx_hal_rcc.o(i.HAL_RCC_GetClockConfig)
    i.HAL_RCC_GetHCLKFreq                    0x080011b4   Section        0  stm32f1xx_hal_rcc.o(i.HAL_RCC_GetHCLKFreq)
    i.HAL_RCC_GetPCLK1Freq                   0x080011c0   Section        0  stm32f1xx_hal_rcc.o(i.HAL_RCC_GetPCLK1Freq)
    i.HAL_RCC_GetPCLK2Freq                   0x080011f0   Section        0  stm32f1xx_hal_rcc.o(i.HAL_RCC_GetPCLK2Freq)
    i.HAL_RCC_GetSysClockFreq                0x08001220   Section        0  stm32f1xx_hal_rcc.o(i.HAL_RCC_GetSysClockFreq)
    i.HAL_RCC_OscConfig                      0x080012a8   Section        0  stm32f1xx_hal_rcc.o(i.HAL_RCC_OscConfig)
    i.HAL_SYSTICK_CLKSourceConfig            0x08001826   Section        0  stm32f1xx_hal_cortex.o(i.HAL_SYSTICK_CLKSourceConfig)
    i.HAL_SYSTICK_Config                     0x0800183e   Section        0  stm32f1xx_hal_cortex.o(i.HAL_SYSTICK_Config)
    i.HAL_TIMEx_BreakCallback                0x08001866   Section        0  stm32f1xx_hal_tim_ex.o(i.HAL_TIMEx_BreakCallback)
    i.HAL_TIMEx_CommutationCallback          0x08001868   Section        0  stm32f1xx_hal_tim_ex.o(i.HAL_TIMEx_CommutationCallback)
    i.HAL_TIM_Base_Init                      0x0800186a   Section        0  stm32f1xx_hal_tim.o(i.HAL_TIM_Base_Init)
    i.HAL_TIM_Base_MspInit                   0x080018a0   Section        0  stm32f1xx_hal_tim.o(i.HAL_TIM_Base_MspInit)
    i.HAL_TIM_Base_Start_IT                  0x080018a2   Section        0  stm32f1xx_hal_tim.o(i.HAL_TIM_Base_Start_IT)
    i.HAL_TIM_IC_CaptureCallback             0x080018ba   Section        0  stm32f1xx_hal_tim.o(i.HAL_TIM_IC_CaptureCallback)
    i.HAL_TIM_IRQHandler                     0x080018bc   Section        0  stm32f1xx_hal_tim.o(i.HAL_TIM_IRQHandler)
    i.HAL_TIM_OC_DelayElapsedCallback        0x08001a22   Section        0  stm32f1xx_hal_tim.o(i.HAL_TIM_OC_DelayElapsedCallback)
    i.HAL_TIM_PWM_PulseFinishedCallback      0x08001a24   Section        0  stm32f1xx_hal_tim.o(i.HAL_TIM_PWM_PulseFinishedCallback)
    i.HAL_TIM_PeriodElapsedCallback          0x08001a28   Section        0  main.o(i.HAL_TIM_PeriodElapsedCallback)
    i.HAL_TIM_TriggerCallback                0x08001a3c   Section        0  stm32f1xx_hal_tim.o(i.HAL_TIM_TriggerCallback)
    i.HAL_UART_ErrorCallback                 0x08001a3e   Section        0  stm32f1xx_hal_uart.o(i.HAL_UART_ErrorCallback)
    i.HAL_UART_IRQHandler                    0x08001a40   Section        0  stm32f1xx_hal_uart.o(i.HAL_UART_IRQHandler)
    i.HAL_UART_Init                          0x08001b1a   Section        0  stm32f1xx_hal_uart.o(i.HAL_UART_Init)
    i.HAL_UART_MspInit                       0x08001b78   Section        0  stm32f1xx_hal_msp.o(i.HAL_UART_MspInit)
    i.HAL_UART_RxCpltCallback                0x08001c14   Section        0  stm32f1xx_hal_uart.o(i.HAL_UART_RxCpltCallback)
    i.HAL_UART_Transmit                      0x08001c18   Section        0  stm32f1xx_hal_uart.o(i.HAL_UART_Transmit)
    i.HAL_UART_TxCpltCallback                0x08001ce4   Section        0  stm32f1xx_hal_uart.o(i.HAL_UART_TxCpltCallback)
    i.HardFault_Handler                      0x08001ce6   Section        0  stm32f1xx_it.o(i.HardFault_Handler)
    i.MX_GPIO_Init                           0x08001ce8   Section        0  main.o(i.MX_GPIO_Init)
    MX_GPIO_Init                             0x08001ce9   Thumb Code   202  main.o(i.MX_GPIO_Init)
    i.MemManage_Handler                      0x08001dcc   Section        0  stm32f1xx_it.o(i.MemManage_Handler)
    i.NMI_Handler                            0x08001dce   Section        0  stm32f1xx_it.o(i.NMI_Handler)
    i.NVIC_SetPriority                       0x08001dd0   Section        0  stm32f1xx_hal_cortex.o(i.NVIC_SetPriority)
    NVIC_SetPriority                         0x08001dd1   Thumb Code    32  stm32f1xx_hal_cortex.o(i.NVIC_SetPriority)
    i.PrintCalculatorTitle                   0x08001df0   Section        0  main.o(i.PrintCalculatorTitle)
    i.PrintClockTitleTitle                   0x08001e50   Section        0  main.o(i.PrintClockTitleTitle)
    i.ScanKeyPadTask                         0x08001eb8   Section        0  main.o(i.ScanKeyPadTask)
    i.ShowTime                               0x08001ee8   Section        0  main.o(i.ShowTime)
    i.SysTick_Handler                        0x08001f68   Section        0  stm32f1xx_it.o(i.SysTick_Handler)
    i.SystemClock_Config                     0x08001f6c   Section        0  main.o(i.SystemClock_Config)
    i.SystemInit                             0x08001fd8   Section        0  system_stm32f1xx.o(i.SystemInit)
    i.TIM1_UP_IRQHandler                     0x08002020   Section        0  stm32f1xx_it.o(i.TIM1_UP_IRQHandler)
    i.TIM_Base_SetConfig                     0x0800202c   Section        0  stm32f1xx_hal_tim.o(i.TIM_Base_SetConfig)
    i.TimeCount                              0x08002080   Section        0  main.o(i.TimeCount)
    i.UART_Receive_IT                        0x080020b8   Section        0  stm32f1xx_hal_uart.o(i.UART_Receive_IT)
    UART_Receive_IT                          0x080020b9   Thumb Code   168  stm32f1xx_hal_uart.o(i.UART_Receive_IT)
    i.UART_SetConfig                         0x08002160   Section        0  stm32f1xx_hal_uart.o(i.UART_SetConfig)
    UART_SetConfig                           0x08002161   Thumb Code   364  stm32f1xx_hal_uart.o(i.UART_SetConfig)
    i.UART_Transmit_IT                       0x080022d0   Section        0  stm32f1xx_hal_uart.o(i.UART_Transmit_IT)
    UART_Transmit_IT                         0x080022d1   Thumb Code   102  stm32f1xx_hal_uart.o(i.UART_Transmit_IT)
    i.UART_WaitOnFlagUntilTimeout            0x08002336   Section        0  stm32f1xx_hal_uart.o(i.UART_WaitOnFlagUntilTimeout)
    UART_WaitOnFlagUntilTimeout              0x08002337   Thumb Code   146  stm32f1xx_hal_uart.o(i.UART_WaitOnFlagUntilTimeout)
    i.USART1_IRQHandler                      0x080023c8   Section        0  stm32f1xx_it.o(i.USART1_IRQHandler)
    i.UsageFault_Handler                     0x080023d4   Section        0  stm32f1xx_it.o(i.UsageFault_Handler)
    i.WriteLcdCom                            0x080023d8   Section        0  main.o(i.WriteLcdCom)
    i.WriteLcdData                           0x08002440   Section        0  main.o(i.WriteLcdData)
    i.__ARM_fpclassify                       0x080024a8   Section        0  fpclassify.o(i.__ARM_fpclassify)
    i.__kernel_poly                          0x080024d0   Section        0  poly.o(i.__kernel_poly)
    i.__mathlib_dbl_divzero                  0x0800257c   Section        0  dunder.o(i.__mathlib_dbl_divzero)
    i.__mathlib_dbl_infnan2                  0x0800258c   Section        0  dunder.o(i.__mathlib_dbl_infnan2)
    i.__mathlib_dbl_invalid                  0x08002590   Section        0  dunder.o(i.__mathlib_dbl_invalid)
    i.__mathlib_dbl_overflow                 0x0800259c   Section        0  dunder.o(i.__mathlib_dbl_overflow)
    i.__mathlib_dbl_underflow                0x080025ac   Section        0  dunder.o(i.__mathlib_dbl_underflow)
    i.__scatterload_copy                     0x080025bc   Section       14  handlers.o(i.__scatterload_copy)
    i.__scatterload_null                     0x080025ca   Section        2  handlers.o(i.__scatterload_null)
    i.__scatterload_zeroinit                 0x080025cc   Section       14  handlers.o(i.__scatterload_zeroinit)
    i.__set_errno                            0x080025dc   Section        0  errno.o(i.__set_errno)
    i.calShowLCD                             0x080025e8   Section        0  main.o(i.calShowLCD)
    i.calculate                              0x0800264c   Section        0  main.o(i.calculate)
    i.calculatorFunction                     0x08002754   Section        0  main.o(i.calculatorFunction)
    i.clearInputQueue                        0x08002858   Section        0  main.o(i.clearInputQueue)
    i.determineInput                         0x08002890   Section        0  main.o(i.determineInput)
    i.main                                   0x08002a6c   Section        0  main.o(i.main)
    i.osDelay                                0x08002b90   Section        0  cmsis_os.o(i.osDelay)
    i.osSystickHandler                       0x08002b9e   Section        0  cmsis_os.o(i.osSystickHandler)
    i.pow                                    0x08002bb4   Section        0  pow.o(i.pow)
    i.prvAddCurrentTaskToDelayedList         0x0800358c   Section        0  tasks.o(i.prvAddCurrentTaskToDelayedList)
    prvAddCurrentTaskToDelayedList           0x0800358d   Thumb Code    48  tasks.o(i.prvAddCurrentTaskToDelayedList)
    i.prvCheckTasksWaitingTermination        0x080035c0   Section        0  tasks.o(i.prvCheckTasksWaitingTermination)
    prvCheckTasksWaitingTermination          0x080035c1   Thumb Code    76  tasks.o(i.prvCheckTasksWaitingTermination)
    i.prvHeapInit                            0x08003614   Section        0  heap_4.o(i.prvHeapInit)
    prvHeapInit                              0x08003615   Thumb Code    66  heap_4.o(i.prvHeapInit)
    i.prvIdleTask                            0x08003660   Section        0  tasks.o(i.prvIdleTask)
    prvIdleTask                              0x08003661   Thumb Code    20  tasks.o(i.prvIdleTask)
    i.prvInsertBlockIntoFreeList             0x08003678   Section        0  heap_4.o(i.prvInsertBlockIntoFreeList)
    prvInsertBlockIntoFreeList               0x08003679   Thumb Code    72  heap_4.o(i.prvInsertBlockIntoFreeList)
    i.prvResetNextTaskUnblockTime            0x080036c4   Section        0  tasks.o(i.prvResetNextTaskUnblockTime)
    prvResetNextTaskUnblockTime              0x080036c5   Thumb Code    26  tasks.o(i.prvResetNextTaskUnblockTime)
    i.prvTaskExitError                       0x080036e4   Section        0  port.o(i.prvTaskExitError)
    prvTaskExitError                         0x080036e5   Thumb Code    20  port.o(i.prvTaskExitError)
    i.pvPortMalloc                           0x080036fc   Section        0  heap_4.o(i.pvPortMalloc)
    i.pxPortInitialiseStack                  0x080037b8   Section        0  port.o(i.pxPortInitialiseStack)
    i.scanKeyPad                             0x080037d8   Section        0  main.o(i.scanKeyPad)
    i.setTime                                0x08003854   Section        0  main.o(i.setTime)
    i.showResultatLCD                        0x080038a8   Section        0  main.o(i.showResultatLCD)
    i.sqrt                                   0x08003a44   Section        0  sqrt.o(i.sqrt)
    i.uxListRemove                           0x08003a90   Section        0  list.o(i.uxListRemove)
    i.vListInitialise                        0x08003ab4   Section        0  list.o(i.vListInitialise)
    i.vListInitialiseItem                    0x08003aca   Section        0  list.o(i.vListInitialiseItem)
    i.vListInsert                            0x08003ad0   Section        0  list.o(i.vListInsert)
    i.vListInsertEnd                         0x08003b00   Section        0  list.o(i.vListInsertEnd)
    i.vPortEnterCritical                     0x08003b18   Section        0  port.o(i.vPortEnterCritical)
    i.vPortExitCritical                      0x08003b50   Section        0  port.o(i.vPortExitCritical)
    i.vPortFree                              0x08003b74   Section        0  heap_4.o(i.vPortFree)
    i.vPortSetupTimerInterrupt               0x08003bbc   Section        0  port.o(i.vPortSetupTimerInterrupt)
    i.vPortYield                             0x08003bdc   Section        0  port.o(i.vPortYield)
    i.vTaskDelay                             0x08003bf4   Section        0  tasks.o(i.vTaskDelay)
    i.vTaskStartScheduler                    0x08003c44   Section        0  tasks.o(i.vTaskStartScheduler)
    i.vTaskSuspendAll                        0x08003c98   Section        0  tasks.o(i.vTaskSuspendAll)
    i.vTaskSwitchContext                     0x08003ca8   Section        0  tasks.o(i.vTaskSwitchContext)
    i.whichPress                             0x08003cfc   Section        0  main.o(i.whichPress)
    i.xPortStartScheduler                    0x08003da8   Section        0  port.o(i.xPortStartScheduler)
    i.xPortSysTickHandler                    0x08003e1c   Section        0  port.o(i.xPortSysTickHandler)
    i.xTaskGenericCreate                     0x08003e40   Section        0  tasks.o(i.xTaskGenericCreate)
    i.xTaskGetSchedulerState                 0x08003fbc   Section        0  tasks.o(i.xTaskGetSchedulerState)
    i.xTaskIncrementTick                     0x08003fd8   Section        0  tasks.o(i.xTaskIncrementTick)
    i.xTaskResumeAll                         0x08004098   Section        0  tasks.o(i.xTaskResumeAll)
    .constdata                               0x08004144   Section       16  system_stm32f1xx.o(.constdata)
    .constdata                               0x08004154   Section        8  system_stm32f1xx.o(.constdata)
    .constdata                               0x08004160   Section      136  pow.o(.constdata)
    bp                                       0x08004160   Data          16  pow.o(.constdata)
    dp_h                                     0x08004170   Data          16  pow.o(.constdata)
    dp_l                                     0x08004180   Data          16  pow.o(.constdata)
    L                                        0x08004190   Data          48  pow.o(.constdata)
    P                                        0x080041c0   Data          40  pow.o(.constdata)
    .constdata                               0x080041e8   Section        8  qnan.o(.constdata)
    .data                                    0x20000000   Section       60  main.o(.data)
    running                                  0x20000000   Data           1  main.o(.data)
    .data                                    0x2000003c   Section        4  stm32f1xx_hal.o(.data)
    uwTick                                   0x2000003c   Data           4  stm32f1xx_hal.o(.data)
    .data                                    0x20000040   Section        4  system_stm32f1xx.o(.data)
    .data                                    0x20000044   Section       56  tasks.o(.data)
    uxTasksDeleted                           0x20000048   Data           4  tasks.o(.data)
    uxCurrentNumberOfTasks                   0x2000004c   Data           4  tasks.o(.data)
    xTickCount                               0x20000050   Data           4  tasks.o(.data)
    uxTopReadyPriority                       0x20000054   Data           4  tasks.o(.data)
    xSchedulerRunning                        0x20000058   Data           4  tasks.o(.data)
    uxPendedTicks                            0x2000005c   Data           4  tasks.o(.data)
    xYieldPending                            0x20000060   Data           4  tasks.o(.data)
    xNumOfOverflows                          0x20000064   Data           4  tasks.o(.data)
    uxTaskNumber                             0x20000068   Data           4  tasks.o(.data)
    xNextTaskUnblockTime                     0x2000006c   Data           4  tasks.o(.data)
    uxSchedulerSuspended                     0x20000070   Data           4  tasks.o(.data)
    pxDelayedTaskList                        0x20000074   Data           4  tasks.o(.data)
    pxOverflowDelayedTaskList                0x20000078   Data           4  tasks.o(.data)
    .data                                    0x2000007c   Section       24  heap_4.o(.data)
    pxEnd                                    0x2000007c   Data           4  heap_4.o(.data)
    xFreeBytesRemaining                      0x20000080   Data           4  heap_4.o(.data)
    xMinimumEverFreeBytesRemaining           0x20000084   Data           4  heap_4.o(.data)
    xBlockAllocatedBit                       0x20000088   Data           4  heap_4.o(.data)
    xStart                                   0x2000008c   Data           8  heap_4.o(.data)
    .data                                    0x20000094   Section       12  port.o(.data)
    ucMaxSysCallPriority                     0x20000094   Data           1  port.o(.data)
    uxCriticalNesting                        0x20000098   Data           4  port.o(.data)
    ulMaxPRIGROUPValue                       0x2000009c   Data           4  port.o(.data)
    .data                                    0x200000a0   Section        4  errno.o(.data)
    _errno                                   0x200000a0   Data           4  errno.o(.data)
    .bss                                     0x200000a4   Section       56  main.o(.bss)
    .bss                                     0x200000dc   Section      264  main.o(.bss)
    .bss                                     0x200001e4   Section       56  main.o(.bss)
    .bss                                     0x2000021c   Section       60  stm32f1xx_hal_timebase_tim.o(.bss)
    .bss                                     0x20000258   Section      240  tasks.o(.bss)
    pxReadyTasksLists                        0x20000258   Data         140  tasks.o(.bss)
    xDelayedTaskList1                        0x200002e4   Data          20  tasks.o(.bss)
    xDelayedTaskList2                        0x200002f8   Data          20  tasks.o(.bss)
    xPendingReadyList                        0x2000030c   Data          20  tasks.o(.bss)
    xTasksWaitingTermination                 0x20000320   Data          20  tasks.o(.bss)
    xSuspendedTaskList                       0x20000334   Data          20  tasks.o(.bss)
    .bss                                     0x20000348   Section     3072  heap_4.o(.bss)
    ucHeap                                   0x20000348   Data        3072  heap_4.o(.bss)
    STACK                                    0x20000f48   Section     1024  startup_stm32f103x6.o(STACK)

    Global Symbols

    Symbol Name                              Value     Ov Type        Size  Object(Section)

    BuildAttributes$$THM_ISAv4$P$D$K$B$S$PE$A:L22UL41UL21$X:L11$S22US41US21$IEEE1$IW$USESV6$~STKCKD$USESV7$~SHL$OTIME$ROPI$IEEEX$EBA8$MICROLIB$REQ8$PRES8$EABIv2 0x00000000   Number         0  anon$$obj.o ABSOLUTE
    __ARM_use_no_argv                        0x00000000   Number         0  main.o ABSOLUTE
    __arm_fini_                               - Undefined Weak Reference
    __cpp_initialize__aeabi_                  - Undefined Weak Reference
    __cxa_finalize                            - Undefined Weak Reference
    __decompress                              - Undefined Weak Reference
    _clock_init                               - Undefined Weak Reference
    _microlib_exit                            - Undefined Weak Reference
    __Vectors_Size                           0x000000ec   Number         0  startup_stm32f103x6.o ABSOLUTE
    __Vectors                                0x08000000   Data           4  startup_stm32f103x6.o(RESET)
    __Vectors_End                            0x080000ec   Data           0  startup_stm32f103x6.o(RESET)
    __main                                   0x080000ed   Thumb Code     0  entry.o(.ARM.Collect$$$$00000000)
    _main_stk                                0x080000ed   Thumb Code     0  entry2.o(.ARM.Collect$$$$00000001)
    _main_scatterload                        0x080000f1   Thumb Code     0  entry5.o(.ARM.Collect$$$$00000004)
    __main_after_scatterload                 0x080000f5   Thumb Code     0  entry5.o(.ARM.Collect$$$$00000004)
    _main_clock                              0x080000f5   Thumb Code     0  entry7b.o(.ARM.Collect$$$$00000008)
    _main_cpp_init                           0x080000f5   Thumb Code     0  entry8b.o(.ARM.Collect$$$$0000000A)
    _main_init                               0x080000f5   Thumb Code     0  entry9a.o(.ARM.Collect$$$$0000000B)
    __rt_lib_shutdown_fini                   0x080000fd   Thumb Code     0  entry12b.o(.ARM.Collect$$$$0000000E)
    __rt_final_cpp                           0x08000101   Thumb Code     0  entry10a.o(.ARM.Collect$$$$0000000F)
    __rt_final_exit                          0x08000101   Thumb Code     0  entry11a.o(.ARM.Collect$$$$00000011)
    SVC_Handler                              0x08000105   Thumb Code    32  port.o(.emb_text)
    __asm___6_port_c_39a90d8d__prvStartFirstTask 0x08000129   Thumb Code    28  port.o(.emb_text)
    PendSV_Handler                           0x08000149   Thumb Code    64  port.o(.emb_text)
    ulPortSetInterruptMask                   0x0800018d   Thumb Code    14  port.o(.emb_text)
    vPortClearInterruptMask                  0x0800019b   Thumb Code     6  port.o(.emb_text)
    vPortGetIPSR                             0x080001a1   Thumb Code     6  port.o(.emb_text)
    Reset_Handler                            0x080001a9   Thumb Code     8  startup_stm32f103x6.o(.text)
    ADC1_2_IRQHandler                        0x080001c3   Thumb Code     0  startup_stm32f103x6.o(.text)
    CAN1_RX1_IRQHandler                      0x080001c3   Thumb Code     0  startup_stm32f103x6.o(.text)
    CAN1_SCE_IRQHandler                      0x080001c3   Thumb Code     0  startup_stm32f103x6.o(.text)
    DMA1_Channel1_IRQHandler                 0x080001c3   Thumb Code     0  startup_stm32f103x6.o(.text)
    DMA1_Channel2_IRQHandler                 0x080001c3   Thumb Code     0  startup_stm32f103x6.o(.text)
    DMA1_Channel5_IRQHandler                 0x080001c3   Thumb Code     0  startup_stm32f103x6.o(.text)
    DMA1_Channel6_IRQHandler                 0x080001c3   Thumb Code     0  startup_stm32f103x6.o(.text)
    DMA1_Channel7_IRQHandler                 0x080001c3   Thumb Code     0  startup_stm32f103x6.o(.text)
    EXTI0_IRQHandler                         0x080001c3   Thumb Code     0  startup_stm32f103x6.o(.text)
    EXTI15_10_IRQHandler                     0x080001c3   Thumb Code     0  startup_stm32f103x6.o(.text)
    EXTI1_IRQHandler                         0x080001c3   Thumb Code     0  startup_stm32f103x6.o(.text)
    EXTI2_IRQHandler                         0x080001c3   Thumb Code     0  startup_stm32f103x6.o(.text)
    EXTI3_IRQHandler                         0x080001c3   Thumb Code     0  startup_stm32f103x6.o(.text)
    EXTI4_IRQHandler                         0x080001c3   Thumb Code     0  startup_stm32f103x6.o(.text)
    EXTI9_5_IRQHandler                       0x080001c3   Thumb Code     0  startup_stm32f103x6.o(.text)
    FLASH_IRQHandler                         0x080001c3   Thumb Code     0  startup_stm32f103x6.o(.text)
    I2C1_ER_IRQHandler                       0x080001c3   Thumb Code     0  startup_stm32f103x6.o(.text)
    I2C1_EV_IRQHandler                       0x080001c3   Thumb Code     0  startup_stm32f103x6.o(.text)
    PVD_IRQHandler                           0x080001c3   Thumb Code     0  startup_stm32f103x6.o(.text)
    RCC_IRQHandler                           0x080001c3   Thumb Code     0  startup_stm32f103x6.o(.text)
    RTC_Alarm_IRQHandler                     0x080001c3   Thumb Code     0  startup_stm32f103x6.o(.text)
    RTC_IRQHandler                           0x080001c3   Thumb Code     0  startup_stm32f103x6.o(.text)
    SPI1_IRQHandler                          0x080001c3   Thumb Code     0  startup_stm32f103x6.o(.text)
    TAMPER_IRQHandler                        0x080001c3   Thumb Code     0  startup_stm32f103x6.o(.text)
    TIM1_BRK_IRQHandler                      0x080001c3   Thumb Code     0  startup_stm32f103x6.o(.text)
    TIM1_CC_IRQHandler                       0x080001c3   Thumb Code     0  startup_stm32f103x6.o(.text)
    TIM1_TRG_COM_IRQHandler                  0x080001c3   Thumb Code     0  startup_stm32f103x6.o(.text)
    TIM2_IRQHandler                          0x080001c3   Thumb Code     0  startup_stm32f103x6.o(.text)
    TIM3_IRQHandler                          0x080001c3   Thumb Code     0  startup_stm32f103x6.o(.text)
    USART2_IRQHandler                        0x080001c3   Thumb Code     0  startup_stm32f103x6.o(.text)
    USBWakeUp_IRQHandler                     0x080001c3   Thumb Code     0  startup_stm32f103x6.o(.text)
    USB_HP_CAN1_TX_IRQHandler                0x080001c3   Thumb Code     0  startup_stm32f103x6.o(.text)
    USB_LP_CAN1_RX0_IRQHandler               0x080001c3   Thumb Code     0  startup_stm32f103x6.o(.text)
    WWDG_IRQHandler                          0x080001c3   Thumb Code     0  startup_stm32f103x6.o(.text)
    __aeabi_llsr                             0x080001cd   Thumb Code    32  llushr.o(.text)
    _ll_ushift_r                             0x080001cd   Thumb Code     0  llushr.o(.text)
    __aeabi_dadd                             0x080001ed   Thumb Code   322  dadd.o(.text)
    __aeabi_dsub                             0x0800032f   Thumb Code     6  dadd.o(.text)
    __aeabi_drsub                            0x08000335   Thumb Code     6  dadd.o(.text)
    __aeabi_dmul                             0x0800033b   Thumb Code   228  dmul.o(.text)
    __aeabi_ddiv                             0x0800041f   Thumb Code   222  ddiv.o(.text)
    __aeabi_i2d                              0x080004fd   Thumb Code    34  dflti.o(.text)
    __aeabi_d2iz                             0x0800051f   Thumb Code    62  dfixi.o(.text)
    __aeabi_cdcmpeq                          0x0800055d   Thumb Code     0  cdcmple.o(.text)
    __aeabi_cdcmple                          0x0800055d   Thumb Code    48  cdcmple.o(.text)
    __aeabi_llsl                             0x0800058d   Thumb Code    30  llshl.o(.text)
    _ll_shift_l                              0x0800058d   Thumb Code     0  llshl.o(.text)
    __aeabi_lasr                             0x080005ab   Thumb Code    36  llsshr.o(.text)
    _ll_sshift_r                             0x080005ab   Thumb Code     0  llsshr.o(.text)
    __I$use$fp                               0x080005cf   Thumb Code     0  iusefp.o(.text)
    _double_round                            0x080005cf   Thumb Code    30  depilogue.o(.text)
    _double_epilogue                         0x080005ed   Thumb Code   156  depilogue.o(.text)
    __ARM_scalbn                             0x08000689   Thumb Code    46  dscalb.o(.text)
    scalbn                                   0x08000689   Thumb Code     0  dscalb.o(.text)
    __aeabi_cdrcmple                         0x080006b9   Thumb Code    48  cdrcmple.o(.text)
    __scatterload                            0x080006e9   Thumb Code    28  init.o(.text)
    __scatterload_rt2                        0x080006e9   Thumb Code     0  init.o(.text)
    _dsqrt                                   0x0800070d   Thumb Code   162  dsqrt.o(.text)
    BusFault_Handler                         0x080007af   Thumb Code     2  stm32f1xx_it.o(i.BusFault_Handler)
    CalculatorTask                           0x080007b1   Thumb Code    66  main.o(i.CalculatorTask)
    ClockTask                                0x08000811   Thumb Code   254  main.o(i.ClockTask)
    DMA1_Channel3_IRQHandler                 0x08000929   Thumb Code     6  stm32f1xx_it.o(i.DMA1_Channel3_IRQHandler)
    DMA1_Channel4_IRQHandler                 0x08000935   Thumb Code     6  stm32f1xx_it.o(i.DMA1_Channel4_IRQHandler)
    DebugMon_Handler                         0x08000941   Thumb Code     2  stm32f1xx_it.o(i.DebugMon_Handler)
    Error_Handler                            0x08000943   Thumb Code     2  main.o(i.Error_Handler)
    HAL_CRC_Init                             0x08000945   Thumb Code    34  stm32f1xx_hal_crc.o(i.HAL_CRC_Init)
    HAL_CRC_MspInit                          0x08000969   Thumb Code    30  stm32f1xx_hal_msp.o(i.HAL_CRC_MspInit)
    HAL_DMA_IRQHandler                       0x08000991   Thumb Code   616  stm32f1xx_hal_dma.o(i.HAL_DMA_IRQHandler)
    HAL_DMA_Init                             0x08000bfd   Thumb Code    80  stm32f1xx_hal_dma.o(i.HAL_DMA_Init)
    HAL_Delay                                0x08000c4d   Thumb Code    22  stm32f1xx_hal.o(i.HAL_Delay)
    HAL_GPIO_Init                            0x08000c65   Thumb Code   412  stm32f1xx_hal_gpio.o(i.HAL_GPIO_Init)
    HAL_GPIO_ReadPin                         0x08000e21   Thumb Code    10  stm32f1xx_hal_gpio.o(i.HAL_GPIO_ReadPin)
    HAL_GPIO_TogglePin                       0x08000e2b   Thumb Code     8  stm32f1xx_hal_gpio.o(i.HAL_GPIO_TogglePin)
    HAL_GPIO_WritePin                        0x08000e33   Thumb Code    10  stm32f1xx_hal_gpio.o(i.HAL_GPIO_WritePin)
    HAL_GetTick                              0x08000e3d   Thumb Code     6  stm32f1xx_hal.o(i.HAL_GetTick)
    HAL_IncTick                              0x08000e49   Thumb Code    10  stm32f1xx_hal.o(i.HAL_IncTick)
    HAL_Init                                 0x08000e59   Thumb Code    32  stm32f1xx_hal.o(i.HAL_Init)
    HAL_InitTick                             0x08000e7d   Thumb Code   100  stm32f1xx_hal_timebase_tim.o(i.HAL_InitTick)
    HAL_MspInit                              0x08000ef1   Thumb Code   118  stm32f1xx_hal_msp.o(i.HAL_MspInit)
    HAL_NVIC_EnableIRQ                       0x08000f71   Thumb Code    22  stm32f1xx_hal_cortex.o(i.HAL_NVIC_EnableIRQ)
    HAL_NVIC_SetPriority                     0x08000f89   Thumb Code    60  stm32f1xx_hal_cortex.o(i.HAL_NVIC_SetPriority)
    HAL_NVIC_SetPriorityGrouping             0x08000fc9   Thumb Code    26  stm32f1xx_hal_cortex.o(i.HAL_NVIC_SetPriorityGrouping)
    HAL_RCC_ClockConfig                      0x08000fed   Thumb Code   374  stm32f1xx_hal_rcc.o(i.HAL_RCC_ClockConfig)
    HAL_RCC_GetClockConfig                   0x08001175   Thumb Code    54  stm32f1xx_hal_rcc.o(i.HAL_RCC_GetClockConfig)
    HAL_RCC_GetHCLKFreq                      0x080011b5   Thumb Code     6  stm32f1xx_hal_rcc.o(i.HAL_RCC_GetHCLKFreq)
    HAL_RCC_GetPCLK1Freq                     0x080011c1   Thumb Code    34  stm32f1xx_hal_rcc.o(i.HAL_RCC_GetPCLK1Freq)
    HAL_RCC_GetPCLK2Freq                     0x080011f1   Thumb Code    34  stm32f1xx_hal_rcc.o(i.HAL_RCC_GetPCLK2Freq)
    HAL_RCC_GetSysClockFreq                  0x08001221   Thumb Code   102  stm32f1xx_hal_rcc.o(i.HAL_RCC_GetSysClockFreq)
    HAL_RCC_OscConfig                        0x080012a9   Thumb Code  1406  stm32f1xx_hal_rcc.o(i.HAL_RCC_OscConfig)
    HAL_SYSTICK_CLKSourceConfig              0x08001827   Thumb Code    24  stm32f1xx_hal_cortex.o(i.HAL_SYSTICK_CLKSourceConfig)
    HAL_SYSTICK_Config                       0x0800183f   Thumb Code    40  stm32f1xx_hal_cortex.o(i.HAL_SYSTICK_Config)
    HAL_TIMEx_BreakCallback                  0x08001867   Thumb Code     2  stm32f1xx_hal_tim_ex.o(i.HAL_TIMEx_BreakCallback)
    HAL_TIMEx_CommutationCallback            0x08001869   Thumb Code     2  stm32f1xx_hal_tim_ex.o(i.HAL_TIMEx_CommutationCallback)
    HAL_TIM_Base_Init                        0x0800186b   Thumb Code    54  stm32f1xx_hal_tim.o(i.HAL_TIM_Base_Init)
    HAL_TIM_Base_MspInit                     0x080018a1   Thumb Code     2  stm32f1xx_hal_tim.o(i.HAL_TIM_Base_MspInit)
    HAL_TIM_Base_Start_IT                    0x080018a3   Thumb Code    24  stm32f1xx_hal_tim.o(i.HAL_TIM_Base_Start_IT)
    HAL_TIM_IC_CaptureCallback               0x080018bb   Thumb Code     2  stm32f1xx_hal_tim.o(i.HAL_TIM_IC_CaptureCallback)
    HAL_TIM_IRQHandler                       0x080018bd   Thumb Code   358  stm32f1xx_hal_tim.o(i.HAL_TIM_IRQHandler)
    HAL_TIM_OC_DelayElapsedCallback          0x08001a23   Thumb Code     2  stm32f1xx_hal_tim.o(i.HAL_TIM_OC_DelayElapsedCallback)
    HAL_TIM_PWM_PulseFinishedCallback        0x08001a25   Thumb Code     2  stm32f1xx_hal_tim.o(i.HAL_TIM_PWM_PulseFinishedCallback)
    HAL_TIM_PeriodElapsedCallback            0x08001a29   Thumb Code    14  main.o(i.HAL_TIM_PeriodElapsedCallback)
    HAL_TIM_TriggerCallback                  0x08001a3d   Thumb Code     2  stm32f1xx_hal_tim.o(i.HAL_TIM_TriggerCallback)
    HAL_UART_ErrorCallback                   0x08001a3f   Thumb Code     2  stm32f1xx_hal_uart.o(i.HAL_UART_ErrorCallback)
    HAL_UART_IRQHandler                      0x08001a41   Thumb Code   218  stm32f1xx_hal_uart.o(i.HAL_UART_IRQHandler)
    HAL_UART_Init                            0x08001b1b   Thumb Code    94  stm32f1xx_hal_uart.o(i.HAL_UART_Init)
    HAL_UART_MspInit                         0x08001b79   Thumb Code   136  stm32f1xx_hal_msp.o(i.HAL_UART_MspInit)
    HAL_UART_RxCpltCallback                  0x08001c15   Thumb Code     2  stm32f1xx_hal_uart.o(i.HAL_UART_RxCpltCallback)
    HAL_UART_Transmit                        0x08001c19   Thumb Code   204  stm32f1xx_hal_uart.o(i.HAL_UART_Transmit)
    HAL_UART_TxCpltCallback                  0x08001ce5   Thumb Code     2  stm32f1xx_hal_uart.o(i.HAL_UART_TxCpltCallback)
    HardFault_Handler                        0x08001ce7   Thumb Code     2  stm32f1xx_it.o(i.HardFault_Handler)
    MemManage_Handler                        0x08001dcd   Thumb Code     2  stm32f1xx_it.o(i.MemManage_Handler)
    NMI_Handler                              0x08001dcf   Thumb Code     2  stm32f1xx_it.o(i.NMI_Handler)
    PrintCalculatorTitle                     0x08001df1   Thumb Code    96  main.o(i.PrintCalculatorTitle)
    PrintClockTitleTitle                     0x08001e51   Thumb Code   102  main.o(i.PrintClockTitleTitle)
    ScanKeyPadTask                           0x08001eb9   Thumb Code    28  main.o(i.ScanKeyPadTask)
    ShowTime                                 0x08001ee9   Thumb Code   124  main.o(i.ShowTime)
    SysTick_Handler                          0x08001f69   Thumb Code     4  stm32f1xx_it.o(i.SysTick_Handler)
    SystemClock_Config                       0x08001f6d   Thumb Code   106  main.o(i.SystemClock_Config)
    SystemInit                               0x08001fd9   Thumb Code    56  system_stm32f1xx.o(i.SystemInit)
    TIM1_UP_IRQHandler                       0x08002021   Thumb Code     6  stm32f1xx_it.o(i.TIM1_UP_IRQHandler)
    TIM_Base_SetConfig                       0x0800202d   Thumb Code    76  stm32f1xx_hal_tim.o(i.TIM_Base_SetConfig)
    TimeCount                                0x08002081   Thumb Code    50  main.o(i.TimeCount)
    USART1_IRQHandler                        0x080023c9   Thumb Code     6  stm32f1xx_it.o(i.USART1_IRQHandler)
    UsageFault_Handler                       0x080023d5   Thumb Code     2  stm32f1xx_it.o(i.UsageFault_Handler)
    WriteLcdCom                              0x080023d9   Thumb Code    98  main.o(i.WriteLcdCom)
    WriteLcdData                             0x08002441   Thumb Code    98  main.o(i.WriteLcdData)
    __ARM_fpclassify                         0x080024a9   Thumb Code    40  fpclassify.o(i.__ARM_fpclassify)
    __kernel_poly                            0x080024d1   Thumb Code   170  poly.o(i.__kernel_poly)
    __mathlib_dbl_divzero                    0x0800257d   Thumb Code    12  dunder.o(i.__mathlib_dbl_divzero)
    __mathlib_dbl_infnan2                    0x0800258d   Thumb Code     4  dunder.o(i.__mathlib_dbl_infnan2)
    __mathlib_dbl_invalid                    0x08002591   Thumb Code    12  dunder.o(i.__mathlib_dbl_invalid)
    __mathlib_dbl_overflow                   0x0800259d   Thumb Code    14  dunder.o(i.__mathlib_dbl_overflow)
    __mathlib_dbl_underflow                  0x080025ad   Thumb Code    10  dunder.o(i.__mathlib_dbl_underflow)
    __scatterload_copy                       0x080025bd   Thumb Code    14  handlers.o(i.__scatterload_copy)
    __scatterload_null                       0x080025cb   Thumb Code     2  handlers.o(i.__scatterload_null)
    __scatterload_zeroinit                   0x080025cd   Thumb Code    14  handlers.o(i.__scatterload_zeroinit)
    __set_errno                              0x080025dd   Thumb Code     6  errno.o(i.__set_errno)
    calShowLCD                               0x080025e9   Thumb Code    96  main.o(i.calShowLCD)
    calculate                                0x0800264d   Thumb Code   256  main.o(i.calculate)
    calculatorFunction                       0x08002755   Thumb Code   240  main.o(i.calculatorFunction)
    clearInputQueue                          0x08002859   Thumb Code    46  main.o(i.clearInputQueue)
    determineInput                           0x08002891   Thumb Code   468  main.o(i.determineInput)
    main                                     0x08002a6d   Thumb Code   218  main.o(i.main)
    osDelay                                  0x08002b91   Thumb Code    14  cmsis_os.o(i.osDelay)
    osSystickHandler                         0x08002b9f   Thumb Code    20  cmsis_os.o(i.osSystickHandler)
    pow                                      0x08002bb5   Thumb Code  2512  pow.o(i.pow)
    pvPortMalloc                             0x080036fd   Thumb Code   182  heap_4.o(i.pvPortMalloc)
    pxPortInitialiseStack                    0x080037b9   Thumb Code    28  port.o(i.pxPortInitialiseStack)
    scanKeyPad                               0x080037d9   Thumb Code   120  main.o(i.scanKeyPad)
    setTime                                  0x08003855   Thumb Code    78  main.o(i.setTime)
    showResultatLCD                          0x080038a9   Thumb Code   402  main.o(i.showResultatLCD)
    sqrt                                     0x08003a45   Thumb Code    76  sqrt.o(i.sqrt)
    uxListRemove                             0x08003a91   Thumb Code    36  list.o(i.uxListRemove)
    vListInitialise                          0x08003ab5   Thumb Code    22  list.o(i.vListInitialise)
    vListInitialiseItem                      0x08003acb   Thumb Code     6  list.o(i.vListInitialiseItem)
    vListInsert                              0x08003ad1   Thumb Code    48  list.o(i.vListInsert)
    vListInsertEnd                           0x08003b01   Thumb Code    24  list.o(i.vListInsertEnd)
    vPortEnterCritical                       0x08003b19   Thumb Code    46  port.o(i.vPortEnterCritical)
    vPortExitCritical                        0x08003b51   Thumb Code    30  port.o(i.vPortExitCritical)
    vPortFree                                0x08003b75   Thumb Code    68  heap_4.o(i.vPortFree)
    vPortSetupTimerInterrupt                 0x08003bbd   Thumb Code    26  port.o(i.vPortSetupTimerInterrupt)
    vPortYield                               0x08003bdd   Thumb Code    18  port.o(i.vPortYield)
    vTaskDelay                               0x08003bf5   Thumb Code    76  tasks.o(i.vTaskDelay)
    vTaskStartScheduler                      0x08003c45   Thumb Code    66  tasks.o(i.vTaskStartScheduler)
    vTaskSuspendAll                          0x08003c99   Thumb Code    10  tasks.o(i.vTaskSuspendAll)
    vTaskSwitchContext                       0x08003ca9   Thumb Code    74  tasks.o(i.vTaskSwitchContext)
    whichPress                               0x08003cfd   Thumb Code   168  main.o(i.whichPress)
    xPortStartScheduler                      0x08003da9   Thumb Code   102  port.o(i.xPortStartScheduler)
    xPortSysTickHandler                      0x08003e1d   Thumb Code    30  port.o(i.xPortSysTickHandler)
    xTaskGenericCreate                       0x08003e41   Thumb Code   372  tasks.o(i.xTaskGenericCreate)
    xTaskGetSchedulerState                   0x08003fbd   Thumb Code    22  tasks.o(i.xTaskGetSchedulerState)
    xTaskIncrementTick                       0x08003fd9   Thumb Code   184  tasks.o(i.xTaskIncrementTick)
    xTaskResumeAll                           0x08004099   Thumb Code   162  tasks.o(i.xTaskResumeAll)
    AHBPrescTable                            0x08004144   Data          16  system_stm32f1xx.o(.constdata)
    APBPrescTable                            0x08004154   Data           8  system_stm32f1xx.o(.constdata)
    __mathlib_zero                           0x080041e8   Data           8  qnan.o(.constdata)
    Region$$Table$$Base                      0x080041f0   Number         0  anon$$obj.o(Region$$Table)
    Region$$Table$$Limit                     0x08004210   Number         0  anon$$obj.o(Region$$Table)
    clockMode                                0x20000004   Data           4  main.o(.data)
    calculatorMode                           0x20000008   Data           4  main.o(.data)
    Task1_Handle                             0x2000000c   Data           4  main.o(.data)
    Task2_Handle                             0x20000010   Data           4  main.o(.data)
    Task3_Handle                             0x20000014   Data           4  main.o(.data)
    mode                                     0x20000018   Data           4  main.o(.data)
    inputPointer                             0x2000001c   Data           4  main.o(.data)
    hcrc                                     0x20000020   Data           8  main.o(.data)
    calculateResult                          0x20000028   Data           8  main.o(.data)
    time                                     0x20000030   Data          12  main.o(.data)
    SystemCoreClock                          0x20000040   Data           4  system_stm32f1xx.o(.data)
    pxCurrentTCB                             0x20000044   Data           4  tasks.o(.data)
    hdma_spi1_tx                             0x200000a4   Data          56  main.o(.bss)
    huart1                                   0x200000dc   Data          64  main.o(.bss)
    inputQueue                               0x2000011c   Data         200  main.o(.bss)
    hdma_usart1_tx                           0x200001e4   Data          56  main.o(.bss)
    htim1                                    0x2000021c   Data          60  stm32f1xx_hal_timebase_tim.o(.bss)
    __initial_sp                             0x20001348   Data           0  startup_stm32f103x6.o(STACK)



==============================================================================

Memory Map of the image

  Image Entry point : 0x080000ed

  Load Region LR_IROM1 (Base: 0x08000000, Size: 0x000042b4, Max: 0x00080000, ABSOLUTE)

    Execution Region ER_IROM1 (Exec base: 0x08000000, Load base: 0x08000000, Size: 0x00004210, Max: 0x00080000, ABSOLUTE)

    Exec Addr    Load Addr    Size         Type   Attr      Idx    E Section Name        Object

    0x08000000   0x08000000   0x000000ec   Data   RO            3    RESET               startup_stm32f103x6.o
    0x080000ec   0x080000ec   0x00000000   Code   RO         3849  * .ARM.Collect$$$$00000000  mc_w.l(entry.o)
    0x080000ec   0x080000ec   0x00000004   Code   RO         3897    .ARM.Collect$$$$00000001  mc_w.l(entry2.o)
    0x080000f0   0x080000f0   0x00000004   Code   RO         3900    .ARM.Collect$$$$00000004  mc_w.l(entry5.o)
    0x080000f4   0x080000f4   0x00000000   Code   RO         3902    .ARM.Collect$$$$00000008  mc_w.l(entry7b.o)
    0x080000f4   0x080000f4   0x00000000   Code   RO         3904    .ARM.Collect$$$$0000000A  mc_w.l(entry8b.o)
    0x080000f4   0x080000f4   0x00000008   Code   RO         3905    .ARM.Collect$$$$0000000B  mc_w.l(entry9a.o)
    0x080000fc   0x080000fc   0x00000004   Code   RO         3912    .ARM.Collect$$$$0000000E  mc_w.l(entry12b.o)
    0x08000100   0x08000100   0x00000000   Code   RO         3907    .ARM.Collect$$$$0000000F  mc_w.l(entry10a.o)
    0x08000100   0x08000100   0x00000000   Code   RO         3909    .ARM.Collect$$$$00000011  mc_w.l(entry11a.o)
    0x08000100   0x08000100   0x00000004   Code   RO         3898    .ARM.Collect$$$$00002712  mc_w.l(entry2.o)
    0x08000104   0x08000104   0x000000a2   Code   RO         3436    .emb_text           port.o
    0x080001a6   0x080001a6   0x00000002   PAD
    0x080001a8   0x080001a8   0x00000024   Code   RO            4    .text               startup_stm32f103x6.o
    0x080001cc   0x080001cc   0x00000020   Code   RO         3852    .text               mc_w.l(llushr.o)
    0x080001ec   0x080001ec   0x0000014e   Code   RO         3858    .text               mf_w.l(dadd.o)
    0x0800033a   0x0800033a   0x000000e4   Code   RO         3860    .text               mf_w.l(dmul.o)
    0x0800041e   0x0800041e   0x000000de   Code   RO         3862    .text               mf_w.l(ddiv.o)
    0x080004fc   0x080004fc   0x00000022   Code   RO         3864    .text               mf_w.l(dflti.o)
    0x0800051e   0x0800051e   0x0000003e   Code   RO         3866    .text               mf_w.l(dfixi.o)
    0x0800055c   0x0800055c   0x00000030   Code   RO         3868    .text               mf_w.l(cdcmple.o)
    0x0800058c   0x0800058c   0x0000001e   Code   RO         3913    .text               mc_w.l(llshl.o)
    0x080005aa   0x080005aa   0x00000024   Code   RO         3915    .text               mc_w.l(llsshr.o)
    0x080005ce   0x080005ce   0x00000000   Code   RO         3924    .text               mc_w.l(iusefp.o)
    0x080005ce   0x080005ce   0x000000ba   Code   RO         3925    .text               mf_w.l(depilogue.o)
    0x08000688   0x08000688   0x0000002e   Code   RO         3927    .text               mf_w.l(dscalb.o)
    0x080006b6   0x080006b6   0x00000002   PAD
    0x080006b8   0x080006b8   0x00000030   Code   RO         3929    .text               mf_w.l(cdrcmple.o)
    0x080006e8   0x080006e8   0x00000024   Code   RO         3931    .text               mc_w.l(init.o)
    0x0800070c   0x0800070c   0x000000a2   Code   RO         3933    .text               mf_w.l(dsqrt.o)
    0x080007ae   0x080007ae   0x00000002   Code   RO          441    i.BusFault_Handler  stm32f1xx_it.o
    0x080007b0   0x080007b0   0x00000060   Code   RO           60    i.CalculatorTask    main.o
    0x08000810   0x08000810   0x00000118   Code   RO           61    i.ClockTask         main.o
    0x08000928   0x08000928   0x0000000c   Code   RO          442    i.DMA1_Channel3_IRQHandler  stm32f1xx_it.o
    0x08000934   0x08000934   0x0000000c   Code   RO          443    i.DMA1_Channel4_IRQHandler  stm32f1xx_it.o
    0x08000940   0x08000940   0x00000002   Code   RO          444    i.DebugMon_Handler  stm32f1xx_it.o
    0x08000942   0x08000942   0x00000002   Code   RO           62    i.Error_Handler     main.o
    0x08000944   0x08000944   0x00000022   Code   RO         2505    i.HAL_CRC_Init      stm32f1xx_hal_crc.o
    0x08000966   0x08000966   0x00000002   PAD
    0x08000968   0x08000968   0x00000028   Code   RO          341    i.HAL_CRC_MspInit   stm32f1xx_hal_msp.o
    0x08000990   0x08000990   0x0000026c   Code   RO         1772    i.HAL_DMA_IRQHandler  stm32f1xx_hal_dma.o
    0x08000bfc   0x08000bfc   0x00000050   Code   RO         1773    i.HAL_DMA_Init      stm32f1xx_hal_dma.o
    0x08000c4c   0x08000c4c   0x00000016   Code   RO         1436    i.HAL_Delay         stm32f1xx_hal.o
    0x08000c62   0x08000c62   0x00000002   PAD
    0x08000c64   0x08000c64   0x000001bc   Code   RO         1704    i.HAL_GPIO_Init     stm32f1xx_hal_gpio.o
    0x08000e20   0x08000e20   0x0000000a   Code   RO         1706    i.HAL_GPIO_ReadPin  stm32f1xx_hal_gpio.o
    0x08000e2a   0x08000e2a   0x00000008   Code   RO         1707    i.HAL_GPIO_TogglePin  stm32f1xx_hal_gpio.o
    0x08000e32   0x08000e32   0x0000000a   Code   RO         1708    i.HAL_GPIO_WritePin  stm32f1xx_hal_gpio.o
    0x08000e3c   0x08000e3c   0x0000000c   Code   RO         1440    i.HAL_GetTick       stm32f1xx_hal.o
    0x08000e48   0x08000e48   0x00000010   Code   RO         1441    i.HAL_IncTick       stm32f1xx_hal.o
    0x08000e58   0x08000e58   0x00000024   Code   RO         1442    i.HAL_Init          stm32f1xx_hal.o
    0x08000e7c   0x08000e7c   0x00000074   Code   RO          401    i.HAL_InitTick      stm32f1xx_hal_timebase_tim.o
    0x08000ef0   0x08000ef0   0x00000080   Code   RO          342    i.HAL_MspInit       stm32f1xx_hal_msp.o
    0x08000f70   0x08000f70   0x00000016   Code   RO         1846    i.HAL_NVIC_EnableIRQ  stm32f1xx_hal_cortex.o
    0x08000f86   0x08000f86   0x00000002   PAD
    0x08000f88   0x08000f88   0x00000040   Code   RO         1852    i.HAL_NVIC_SetPriority  stm32f1xx_hal_cortex.o
    0x08000fc8   0x08000fc8   0x00000024   Code   RO         1853    i.HAL_NVIC_SetPriorityGrouping  stm32f1xx_hal_cortex.o
    0x08000fec   0x08000fec   0x00000188   Code   RO         1564    i.HAL_RCC_ClockConfig  stm32f1xx_hal_rcc.o
    0x08001174   0x08001174   0x00000040   Code   RO         1568    i.HAL_RCC_GetClockConfig  stm32f1xx_hal_rcc.o
    0x080011b4   0x080011b4   0x0000000c   Code   RO         1569    i.HAL_RCC_GetHCLKFreq  stm32f1xx_hal_rcc.o
    0x080011c0   0x080011c0   0x00000030   Code   RO         1571    i.HAL_RCC_GetPCLK1Freq  stm32f1xx_hal_rcc.o
    0x080011f0   0x080011f0   0x00000030   Code   RO         1572    i.HAL_RCC_GetPCLK2Freq  stm32f1xx_hal_rcc.o
    0x08001220   0x08001220   0x00000088   Code   RO         1573    i.HAL_RCC_GetSysClockFreq  stm32f1xx_hal_rcc.o
    0x080012a8   0x080012a8   0x0000057e   Code   RO         1576    i.HAL_RCC_OscConfig  stm32f1xx_hal_rcc.o
    0x08001826   0x08001826   0x00000018   Code   RO         1855    i.HAL_SYSTICK_CLKSourceConfig  stm32f1xx_hal_cortex.o
    0x0800183e   0x0800183e   0x00000028   Code   RO         1857    i.HAL_SYSTICK_Config  stm32f1xx_hal_cortex.o
    0x08001866   0x08001866   0x00000002   Code   RO         1196    i.HAL_TIMEx_BreakCallback  stm32f1xx_hal_tim_ex.o
    0x08001868   0x08001868   0x00000002   Code   RO         1197    i.HAL_TIMEx_CommutationCallback  stm32f1xx_hal_tim_ex.o
    0x0800186a   0x0800186a   0x00000036   Code   RO          567    i.HAL_TIM_Base_Init  stm32f1xx_hal_tim.o
    0x080018a0   0x080018a0   0x00000002   Code   RO          569    i.HAL_TIM_Base_MspInit  stm32f1xx_hal_tim.o
    0x080018a2   0x080018a2   0x00000018   Code   RO          572    i.HAL_TIM_Base_Start_IT  stm32f1xx_hal_tim.o
    0x080018ba   0x080018ba   0x00000002   Code   RO          596    i.HAL_TIM_IC_CaptureCallback  stm32f1xx_hal_tim.o
    0x080018bc   0x080018bc   0x00000166   Code   RO          609    i.HAL_TIM_IRQHandler  stm32f1xx_hal_tim.o
    0x08001a22   0x08001a22   0x00000002   Code   RO          612    i.HAL_TIM_OC_DelayElapsedCallback  stm32f1xx_hal_tim.o
    0x08001a24   0x08001a24   0x00000002   Code   RO          639    i.HAL_TIM_PWM_PulseFinishedCallback  stm32f1xx_hal_tim.o
    0x08001a26   0x08001a26   0x00000002   PAD
    0x08001a28   0x08001a28   0x00000014   Code   RO           63    i.HAL_TIM_PeriodElapsedCallback  main.o
    0x08001a3c   0x08001a3c   0x00000002   Code   RO          650    i.HAL_TIM_TriggerCallback  stm32f1xx_hal_tim.o
    0x08001a3e   0x08001a3e   0x00000002   Code   RO         2276    i.HAL_UART_ErrorCallback  stm32f1xx_hal_uart.o
    0x08001a40   0x08001a40   0x000000da   Code   RO         2279    i.HAL_UART_IRQHandler  stm32f1xx_hal_uart.o
    0x08001b1a   0x08001b1a   0x0000005e   Code   RO         2280    i.HAL_UART_Init     stm32f1xx_hal_uart.o
    0x08001b78   0x08001b78   0x0000009c   Code   RO          346    i.HAL_UART_MspInit  stm32f1xx_hal_msp.o
    0x08001c14   0x08001c14   0x00000002   Code   RO         2286    i.HAL_UART_RxCpltCallback  stm32f1xx_hal_uart.o
    0x08001c16   0x08001c16   0x00000002   PAD
    0x08001c18   0x08001c18   0x000000cc   Code   RO         2288    i.HAL_UART_Transmit  stm32f1xx_hal_uart.o
    0x08001ce4   0x08001ce4   0x00000002   Code   RO         2291    i.HAL_UART_TxCpltCallback  stm32f1xx_hal_uart.o
    0x08001ce6   0x08001ce6   0x00000002   Code   RO          445    i.HardFault_Handler  stm32f1xx_it.o
    0x08001ce8   0x08001ce8   0x000000e4   Code   RO           64    i.MX_GPIO_Init      main.o
    0x08001dcc   0x08001dcc   0x00000002   Code   RO          446    i.MemManage_Handler  stm32f1xx_it.o
    0x08001dce   0x08001dce   0x00000002   Code   RO          447    i.NMI_Handler       stm32f1xx_it.o
    0x08001dd0   0x08001dd0   0x00000020   Code   RO         1859    i.NVIC_SetPriority  stm32f1xx_hal_cortex.o
    0x08001df0   0x08001df0   0x00000060   Code   RO           65    i.PrintCalculatorTitle  main.o
    0x08001e50   0x08001e50   0x00000066   Code   RO           66    i.PrintClockTitleTitle  main.o
    0x08001eb6   0x08001eb6   0x00000002   PAD
    0x08001eb8   0x08001eb8   0x00000030   Code   RO           67    i.ScanKeyPadTask    main.o
    0x08001ee8   0x08001ee8   0x00000080   Code   RO           68    i.ShowTime          main.o
    0x08001f68   0x08001f68   0x00000004   Code   RO          448    i.SysTick_Handler   stm32f1xx_it.o
    0x08001f6c   0x08001f6c   0x0000006a   Code   RO           69    i.SystemClock_Config  main.o
    0x08001fd6   0x08001fd6   0x00000002   PAD
    0x08001fd8   0x08001fd8   0x00000048   Code   RO         2840    i.SystemInit        system_stm32f1xx.o
    0x08002020   0x08002020   0x0000000c   Code   RO          449    i.TIM1_UP_IRQHandler  stm32f1xx_it.o
    0x0800202c   0x0800202c   0x00000054   Code   RO          651    i.TIM_Base_SetConfig  stm32f1xx_hal_tim.o
    0x08002080   0x08002080   0x00000038   Code   RO           70    i.TimeCount         main.o
    0x080020b8   0x080020b8   0x000000a8   Code   RO         2298    i.UART_Receive_IT   stm32f1xx_hal_uart.o
    0x08002160   0x08002160   0x00000170   Code   RO         2299    i.UART_SetConfig    stm32f1xx_hal_uart.o
    0x080022d0   0x080022d0   0x00000066   Code   RO         2300    i.UART_Transmit_IT  stm32f1xx_hal_uart.o
    0x08002336   0x08002336   0x00000092   Code   RO         2301    i.UART_WaitOnFlagUntilTimeout  stm32f1xx_hal_uart.o
    0x080023c8   0x080023c8   0x0000000c   Code   RO          450    i.USART1_IRQHandler  stm32f1xx_it.o
    0x080023d4   0x080023d4   0x00000002   Code   RO          451    i.UsageFault_Handler  stm32f1xx_it.o
    0x080023d6   0x080023d6   0x00000002   PAD
    0x080023d8   0x080023d8   0x00000068   Code   RO           71    i.WriteLcdCom       main.o
    0x08002440   0x08002440   0x00000068   Code   RO           72    i.WriteLcdData      main.o
    0x080024a8   0x080024a8   0x00000028   Code   RO         3884    i.__ARM_fpclassify  m_ws.l(fpclassify.o)
    0x080024d0   0x080024d0   0x000000aa   Code   RO         3886    i.__kernel_poly     m_ws.l(poly.o)
    0x0800257a   0x0800257a   0x00000002   PAD
    0x0800257c   0x0800257c   0x00000010   Code   RO         3870    i.__mathlib_dbl_divzero  m_ws.l(dunder.o)
    0x0800258c   0x0800258c   0x00000004   Code   RO         3872    i.__mathlib_dbl_infnan2  m_ws.l(dunder.o)
    0x08002590   0x08002590   0x0000000c   Code   RO         3873    i.__mathlib_dbl_invalid  m_ws.l(dunder.o)
    0x0800259c   0x0800259c   0x0000000e   Code   RO         3874    i.__mathlib_dbl_overflow  m_ws.l(dunder.o)
    0x080025aa   0x080025aa   0x00000002   PAD
    0x080025ac   0x080025ac   0x00000010   Code   RO         3876    i.__mathlib_dbl_underflow  m_ws.l(dunder.o)
    0x080025bc   0x080025bc   0x0000000e   Code   RO         3937    i.__scatterload_copy  mc_w.l(handlers.o)
    0x080025ca   0x080025ca   0x00000002   Code   RO         3938    i.__scatterload_null  mc_w.l(handlers.o)
    0x080025cc   0x080025cc   0x0000000e   Code   RO         3939    i.__scatterload_zeroinit  mc_w.l(handlers.o)
    0x080025da   0x080025da   0x00000002   PAD
    0x080025dc   0x080025dc   0x0000000c   Code   RO         3919    i.__set_errno       mc_w.l(errno.o)
    0x080025e8   0x080025e8   0x00000064   Code   RO           73    i.calShowLCD        main.o
    0x0800264c   0x0800264c   0x00000108   Code   RO           74    i.calculate         main.o
    0x08002754   0x08002754   0x00000104   Code   RO           75    i.calculatorFunction  main.o
    0x08002858   0x08002858   0x00000038   Code   RO           76    i.clearInputQueue   main.o
    0x08002890   0x08002890   0x000001dc   Code   RO           77    i.determineInput    main.o
    0x08002a6c   0x08002a6c   0x00000124   Code   RO           78    i.main              main.o
    0x08002b90   0x08002b90   0x0000000e   Code   RO         3512    i.osDelay           cmsis_os.o
    0x08002b9e   0x08002b9e   0x00000014   Code   RO         3544    i.osSystickHandler  cmsis_os.o
    0x08002bb2   0x08002bb2   0x00000002   PAD
    0x08002bb4   0x08002bb4   0x000009d8   Code   RO         3840    i.pow               m_ws.l(pow.o)
    0x0800358c   0x0800358c   0x00000034   Code   RO         3122    i.prvAddCurrentTaskToDelayedList  tasks.o
    0x080035c0   0x080035c0   0x00000054   Code   RO         3123    i.prvCheckTasksWaitingTermination  tasks.o
    0x08003614   0x08003614   0x0000004c   Code   RO         3387    i.prvHeapInit       heap_4.o
    0x08003660   0x08003660   0x00000018   Code   RO         3124    i.prvIdleTask       tasks.o
    0x08003678   0x08003678   0x0000004c   Code   RO         3388    i.prvInsertBlockIntoFreeList  heap_4.o
    0x080036c4   0x080036c4   0x00000020   Code   RO         3125    i.prvResetNextTaskUnblockTime  tasks.o
    0x080036e4   0x080036e4   0x00000018   Code   RO         3437    i.prvTaskExitError  port.o
    0x080036fc   0x080036fc   0x000000bc   Code   RO         3389    i.pvPortMalloc      heap_4.o
    0x080037b8   0x080037b8   0x00000020   Code   RO         3438    i.pxPortInitialiseStack  port.o
    0x080037d8   0x080037d8   0x0000007c   Code   RO           79    i.scanKeyPad        main.o
    0x08003854   0x08003854   0x00000054   Code   RO           80    i.setTime           main.o
    0x080038a8   0x080038a8   0x0000019c   Code   RO           81    i.showResultatLCD   main.o
    0x08003a44   0x08003a44   0x0000004c   Code   RO         3890    i.sqrt              m_ws.l(sqrt.o)
    0x08003a90   0x08003a90   0x00000024   Code   RO         2957    i.uxListRemove      list.o
    0x08003ab4   0x08003ab4   0x00000016   Code   RO         2958    i.vListInitialise   list.o
    0x08003aca   0x08003aca   0x00000006   Code   RO         2959    i.vListInitialiseItem  list.o
    0x08003ad0   0x08003ad0   0x00000030   Code   RO         2960    i.vListInsert       list.o
    0x08003b00   0x08003b00   0x00000018   Code   RO         2961    i.vListInsertEnd    list.o
    0x08003b18   0x08003b18   0x00000038   Code   RO         3440    i.vPortEnterCritical  port.o
    0x08003b50   0x08003b50   0x00000024   Code   RO         3441    i.vPortExitCritical  port.o
    0x08003b74   0x08003b74   0x00000048   Code   RO         3390    i.vPortFree         heap_4.o
    0x08003bbc   0x08003bbc   0x00000020   Code   RO         3442    i.vPortSetupTimerInterrupt  port.o
    0x08003bdc   0x08003bdc   0x00000018   Code   RO         3444    i.vPortYield        port.o
    0x08003bf4   0x08003bf4   0x00000050   Code   RO         3133    i.vTaskDelay        tasks.o
    0x08003c44   0x08003c44   0x00000054   Code   RO         3144    i.vTaskStartScheduler  tasks.o
    0x08003c98   0x08003c98   0x00000010   Code   RO         3146    i.vTaskSuspendAll   tasks.o
    0x08003ca8   0x08003ca8   0x00000054   Code   RO         3147    i.vTaskSwitchContext  tasks.o
    0x08003cfc   0x08003cfc   0x000000ac   Code   RO           82    i.whichPress        main.o
    0x08003da8   0x08003da8   0x00000074   Code   RO         3445    i.xPortStartScheduler  port.o
    0x08003e1c   0x08003e1c   0x00000024   Code   RO         3446    i.xPortSysTickHandler  port.o
    0x08003e40   0x08003e40   0x0000017c   Code   RO         3149    i.xTaskGenericCreate  tasks.o
    0x08003fbc   0x08003fbc   0x0000001c   Code   RO         3153    i.xTaskGetSchedulerState  tasks.o
    0x08003fd8   0x08003fd8   0x000000c0   Code   RO         3156    i.xTaskIncrementTick  tasks.o
    0x08004098   0x08004098   0x000000ac   Code   RO         3162    i.xTaskResumeAll    tasks.o
    0x08004144   0x08004144   0x00000010   Data   RO         2841    .constdata          system_stm32f1xx.o
    0x08004154   0x08004154   0x00000008   Data   RO         2842    .constdata          system_stm32f1xx.o
    0x0800415c   0x0800415c   0x00000004   PAD
    0x08004160   0x08004160   0x00000088   Data   RO         3841    .constdata          m_ws.l(pow.o)
    0x080041e8   0x080041e8   0x00000008   Data   RO         3888    .constdata          m_ws.l(qnan.o)
    0x080041f0   0x080041f0   0x00000020   Data   RO         3935    Region$$Table       anon$$obj.o


    Execution Region RW_IRAM1 (Exec base: 0x20000000, Load base: 0x08004210, Size: 0x00001348, Max: 0x00010000, ABSOLUTE)

    Exec Addr    Load Addr    Size         Type   Attr      Idx    E Section Name        Object

    0x20000000   0x08004210   0x0000003c   Data   RW           87    .data               main.o
    0x2000003c   0x0800424c   0x00000004   Data   RW         1448    .data               stm32f1xx_hal.o
    0x20000040   0x08004250   0x00000004   Data   RW         2843    .data               system_stm32f1xx.o
    0x20000044   0x08004254   0x00000038   Data   RW         3165    .data               tasks.o
    0x2000007c   0x0800428c   0x00000018   Data   RW         3395    .data               heap_4.o
    0x20000094   0x080042a4   0x0000000c   Data   RW         3447    .data               port.o
    0x200000a0   0x080042b0   0x00000004   Data   RW         3920    .data               mc_w.l(errno.o)
    0x200000a4        -       0x00000038   Zero   RW           84    .bss                main.o
    0x200000dc        -       0x00000108   Zero   RW           85    .bss                main.o
    0x200001e4        -       0x00000038   Zero   RW           86    .bss                main.o
    0x2000021c        -       0x0000003c   Zero   RW          404    .bss                stm32f1xx_hal_timebase_tim.o
    0x20000258        -       0x000000f0   Zero   RW         3164    .bss                tasks.o
    0x20000348        -       0x00000c00   Zero   RW         3394    .bss                heap_4.o
    0x20000f48        -       0x00000400   Zero   RW            1    STACK               startup_stm32f103x6.o


==============================================================================

Image component sizes


      Code (inc. data)   RO Data    RW Data    ZI Data      Debug   Object Name

        34          0          0          0          0       6023   cmsis_os.o
         0          0          0          0          0       1444   crt0.o
         0          0          0          0          0       1472   event_groups.o
         0          0          0          0          0      13316   freertos.o
       412         24          0         24       3072       4259   heap_4.o
       136          0          0          0          0       3422   list.o
      3610        284          0         60        376     473385   main.o
       518         68          0         12          0       7949   port.o
        36          8        236          0       1024        808   startup_stm32f103x6.o
        86         16          0          4          0       3051   stm32f1xx_hal.o
       218         14          0          0          0      26389   stm32f1xx_hal_cortex.o
        34          0          0          0          0       1039   stm32f1xx_hal_crc.o
       700          4          0          0          0       2192   stm32f1xx_hal_dma.o
       472         32          0          0          0       4260   stm32f1xx_hal_gpio.o
       324         40          0          0          0       2221   stm32f1xx_hal_msp.o
      2106        108          0          0          0       6493   stm32f1xx_hal_rcc.o
       530          8          0          0          0       6750   stm32f1xx_hal_tim.o
         4          0          0          0          0       1574   stm32f1xx_hal_tim_ex.o
       116         16          0          0         60       1464   stm32f1xx_hal_timebase_tim.o
      1306          4          0          0          0       7919   stm32f1xx_hal_uart.o
        64         24          0          0          0       4738   stm32f1xx_it.o
        72         16         24          4          0       1403   system_stm32f1xx.o
      1228         92          0         56        240      13050   tasks.o

    ----------------------------------------------------------------------
     12026        758        296        160       4772     594621   Object Totals
         0          0         32          0          0          0   (incl. Generated)
        20          0          4          0          0          0   (incl. Padding)

    ----------------------------------------------------------------------

      Code (inc. data)   RO Data    RW Data    ZI Data      Debug   Library Member Name

        62         10          0          0          0        340   dunder.o
        40          0          0          0          0         68   fpclassify.o
       170          0          0          0          0         96   poly.o
      2520        190        136          0          0        324   pow.o
         0          0          8          0          0          0   qnan.o
        76          0          0          0          0         84   sqrt.o
         0          0          0          0          0          0   entry.o
         0          0          0          0          0          0   entry10a.o
         0          0          0          0          0          0   entry11a.o
         4          0          0          0          0          0   entry12b.o
         8          4          0          0          0          0   entry2.o
         4          0          0          0          0          0   entry5.o
         0          0          0          0          0          0   entry7b.o
         0          0          0          0          0          0   entry8b.o
         8          4          0          0          0          0   entry9a.o
        12          6          0          4          0         68   errno.o
        30          0          0          0          0          0   handlers.o
        36          8          0          0          0         68   init.o
         0          0          0          0          0          0   iusefp.o
        30          0          0          0          0         68   llshl.o
        36          0          0          0          0         68   llsshr.o
        32          0          0          0          0         68   llushr.o
        48          0          0          0          0         68   cdcmple.o
        48          0          0          0          0         68   cdrcmple.o
       334          0          0          0          0        148   dadd.o
       222          0          0          0          0        100   ddiv.o
       186          0          0          0          0        176   depilogue.o
        62          0          0          0          0         80   dfixi.o
        34          0          0          0          0         76   dflti.o
       228          0          0          0          0         96   dmul.o
        46          0          0          0          0         80   dscalb.o
       162          0          0          0          0        100   dsqrt.o

    ----------------------------------------------------------------------
      4446        222        144          4          0       2244   Library Totals
         8          0          0          0          0          0   (incl. Padding)

    ----------------------------------------------------------------------

      Code (inc. data)   RO Data    RW Data    ZI Data      Debug   Library Name

      2868        200        144          0          0        912   m_ws.l
       200         22          0          4          0        340   mc_w.l
      1370          0          0          0          0        992   mf_w.l

    ----------------------------------------------------------------------
      4446        222        144          4          0       2244   Library Totals

    ----------------------------------------------------------------------

==============================================================================


      Code (inc. data)   RO Data    RW Data    ZI Data      Debug   

     16472        980        440        164       4772     590101   Grand Totals
     16472        980        440        164       4772     590101   ELF Image Totals
     16472        980        440        164          0          0   ROM Totals

==============================================================================

    Total RO  Size (Code + RO Data)                16912 (  16.52kB)
    Total RW  Size (RW Data + ZI Data)              4936 (   4.82kB)
    Total ROM Size (Code + RO Data + RW Data)      17076 (  16.68kB)

==============================================================================

